<?xml version="1.0"?>
<link_info>
   <banner>TI ARM Linker PC v15.12.1.LTS</banner>
   <copyright>Copyright (c) 1996-2015 Texas Instruments Incorporated</copyright>
   <link_time>0x57f3fb29</link_time>
   <link_errors>0x0</link_errors>
   <output_file>Proj2_Magnetometer.out</output_file>
   <entry_point>
      <name>_c_int00</name>
      <address>0x4311</address>
   </entry_point>
   <input_file_list>
      <input_file id="fl-2">
         <path>.\</path>
         <kind>object</kind>
         <file>FreeRTOS_TM4C1294_Base_Startup.obj</file>
         <name>FreeRTOS_TM4C1294_Base_Startup.obj</name>
      </input_file>
      <input_file id="fl-3">
         <path>.\</path>
         <kind>object</kind>
         <file>Main_Base.obj</file>
         <name>Main_Base.obj</name>
      </input_file>
      <input_file id="fl-4">
         <path>.\</path>
         <kind>object</kind>
         <file>heap_2.obj</file>
         <name>heap_2.obj</name>
      </input_file>
      <input_file id="fl-5">
         <path>.\Drivers\</path>
         <kind>object</kind>
         <file>Processor_Initialization_TM4C1294.obj</file>
         <name>Processor_Initialization_TM4C1294.obj</name>
      </input_file>
      <input_file id="fl-6">
         <path>.\Drivers\</path>
         <kind>object</kind>
         <file>uartstdio.obj</file>
         <name>uartstdio.obj</name>
      </input_file>
      <input_file id="fl-7">
         <path>.\Source\</path>
         <kind>object</kind>
         <file>croutine.obj</file>
         <name>croutine.obj</name>
      </input_file>
      <input_file id="fl-8">
         <path>.\Source\</path>
         <kind>object</kind>
         <file>event_groups.obj</file>
         <name>event_groups.obj</name>
      </input_file>
      <input_file id="fl-9">
         <path>.\Source\</path>
         <kind>object</kind>
         <file>list.obj</file>
         <name>list.obj</name>
      </input_file>
      <input_file id="fl-a">
         <path>.\Source\</path>
         <kind>object</kind>
         <file>queue.obj</file>
         <name>queue.obj</name>
      </input_file>
      <input_file id="fl-b">
         <path>.\Source\</path>
         <kind>object</kind>
         <file>tasks.obj</file>
         <name>tasks.obj</name>
      </input_file>
      <input_file id="fl-c">
         <path>.\Source\</path>
         <kind>object</kind>
         <file>timers.obj</file>
         <name>timers.obj</name>
      </input_file>
      <input_file id="fl-d">
         <path>.\Source\portable\CCS\ARM_CM4F\</path>
         <kind>object</kind>
         <file>port.obj</file>
         <name>port.obj</name>
      </input_file>
      <input_file id="fl-e">
         <path>.\Source\portable\CCS\ARM_CM4F\</path>
         <kind>object</kind>
         <file>portasm.obj</file>
         <name>portasm.obj</name>
      </input_file>
      <input_file id="fl-f">
         <path>.\Tasks\</path>
         <kind>object</kind>
         <file>Magnetometer.obj</file>
         <name>Magnetometer.obj</name>
      </input_file>
      <input_file id="fl-10">
         <path>.\Tasks\</path>
         <kind>object</kind>
         <file>Task_Blinky.obj</file>
         <name>Task_Blinky.obj</name>
      </input_file>
      <input_file id="fl-11">
         <path>.\Tasks\</path>
         <kind>object</kind>
         <file>Task_I2C7_Handler.obj</file>
         <name>Task_I2C7_Handler.obj</name>
      </input_file>
      <input_file id="fl-12">
         <path>.\Tasks\</path>
         <kind>object</kind>
         <file>Task_ReportData.obj</file>
         <name>Task_ReportData.obj</name>
      </input_file>
      <input_file id="fl-13">
         <path>.\Tasks\</path>
         <kind>object</kind>
         <file>Task_ReportTime.obj</file>
         <name>Task_ReportTime.obj</name>
      </input_file>
      <input_file id="fl-cf">
         <path>C:\TI_CodeComposer\ccsv6\tools\compiler\ti-cgt-arm_15.12.1.LTS\lib\</path>
         <kind>archive</kind>
         <file>rtsv7M4_T_le_v4SPD16_eabi.lib</file>
         <name>boot.obj</name>
      </input_file>
      <input_file id="fl-d0">
         <path>C:\TI_CodeComposer\ccsv6\tools\compiler\ti-cgt-arm_15.12.1.LTS\lib\</path>
         <kind>archive</kind>
         <file>rtsv7M4_T_le_v4SPD16_eabi.lib</file>
         <name>copy_decompress_none.obj</name>
      </input_file>
      <input_file id="fl-d1">
         <path>C:\TI_CodeComposer\ccsv6\tools\compiler\ti-cgt-arm_15.12.1.LTS\lib\</path>
         <kind>archive</kind>
         <file>rtsv7M4_T_le_v4SPD16_eabi.lib</file>
         <name>copy_decompress_rle.obj</name>
      </input_file>
      <input_file id="fl-d2">
         <path>C:\TI_CodeComposer\ccsv6\tools\compiler\ti-cgt-arm_15.12.1.LTS\lib\</path>
         <kind>archive</kind>
         <file>rtsv7M4_T_le_v4SPD16_eabi.lib</file>
         <name>copy_zero_init.obj</name>
      </input_file>
      <input_file id="fl-d3">
         <path>C:\TI_CodeComposer\ccsv6\tools\compiler\ti-cgt-arm_15.12.1.LTS\lib\</path>
         <kind>archive</kind>
         <file>rtsv7M4_T_le_v4SPD16_eabi.lib</file>
         <name>exit.obj</name>
      </input_file>
      <input_file id="fl-d4">
         <path>C:\TI_CodeComposer\ccsv6\tools\compiler\ti-cgt-arm_15.12.1.LTS\lib\</path>
         <kind>archive</kind>
         <file>rtsv7M4_T_le_v4SPD16_eabi.lib</file>
         <name>memcpy_t2.obj</name>
      </input_file>
      <input_file id="fl-d5">
         <path>C:\TI_CodeComposer\ccsv6\tools\compiler\ti-cgt-arm_15.12.1.LTS\lib\</path>
         <kind>archive</kind>
         <file>rtsv7M4_T_le_v4SPD16_eabi.lib</file>
         <name>memset_t2.obj</name>
      </input_file>
      <input_file id="fl-d6">
         <path>C:\TI_CodeComposer\ccsv6\tools\compiler\ti-cgt-arm_15.12.1.LTS\lib\</path>
         <kind>archive</kind>
         <file>rtsv7M4_T_le_v4SPD16_eabi.lib</file>
         <name>mpu_init.obj</name>
      </input_file>
      <input_file id="fl-d7">
         <path>C:\TI_CodeComposer\ccsv6\tools\compiler\ti-cgt-arm_15.12.1.LTS\lib\</path>
         <kind>archive</kind>
         <file>rtsv7M4_T_le_v4SPD16_eabi.lib</file>
         <name>pre_init.obj</name>
      </input_file>
      <input_file id="fl-d8">
         <path>C:\TI_CodeComposer\ccsv6\tools\compiler\ti-cgt-arm_15.12.1.LTS\lib\</path>
         <kind>archive</kind>
         <file>rtsv7M4_T_le_v4SPD16_eabi.lib</file>
         <name>stkdepth_vars.obj</name>
      </input_file>
      <input_file id="fl-d9">
         <path>C:\TI_CodeComposer\ccsv6\tools\compiler\ti-cgt-arm_15.12.1.LTS\lib\</path>
         <kind>archive</kind>
         <file>rtsv7M4_T_le_v4SPD16_eabi.lib</file>
         <name>u_divt2.obj</name>
      </input_file>
      <input_file id="fl-da">
         <path>C:\TI_CodeComposer\ccsv6\tools\compiler\ti-cgt-arm_15.12.1.LTS\lib\</path>
         <kind>archive</kind>
         <file>rtsv7M4_T_le_v4SPD16_eabi.lib</file>
         <name>_lock.obj</name>
      </input_file>
      <input_file id="fl-db">
         <path>C:\TI_CodeComposer\ccsv6\tools\compiler\ti-cgt-arm_15.12.1.LTS\lib\</path>
         <kind>archive</kind>
         <file>rtsv7M4_T_le_v4SPD16_eabi.lib</file>
         <name>args_main.obj</name>
      </input_file>
      <input_file id="fl-dc">
         <path>C:\TI_CodeComposer\ccsv6\tools\compiler\ti-cgt-arm_15.12.1.LTS\lib\</path>
         <kind>archive</kind>
         <file>rtsv7M4_T_le_v4SPD16_eabi.lib</file>
         <name>autoinit.obj</name>
      </input_file>
      <input_file id="fl-dd">
         <path>C:\TI_CodeComposer\ccsv6\tools\compiler\ti-cgt-arm_15.12.1.LTS\lib\</path>
         <kind>archive</kind>
         <file>rtsv7M4_T_le_v4SPD16_eabi.lib</file>
         <name>cpy_tbl.obj</name>
      </input_file>
      <input_file id="fl-de">
         <path>C:\TI_CodeComposer\ccsv6\tools\compiler\ti-cgt-arm_15.12.1.LTS\lib\</path>
         <kind>archive</kind>
         <file>rtsv7M4_T_le_v4SPD16_eabi.lib</file>
         <name>i_div0.obj</name>
      </input_file>
      <input_file id="fl-df">
         <path>C:\TI_CodeComposer\ccsv6\tools\compiler\ti-cgt-arm_15.12.1.LTS\lib\</path>
         <kind>archive</kind>
         <file>rtsv7M4_T_le_v4SPD16_eabi.lib</file>
         <name>startup.obj</name>
      </input_file>
      <input_file id="fl-e0">
         <path>C:\TI_CodeComposer\TivaWare\driverlib\ccs\Debug\</path>
         <kind>archive</kind>
         <file>driverlib.lib</file>
         <name>gpio.obj</name>
      </input_file>
      <input_file id="fl-e1">
         <path>C:\TI_CodeComposer\TivaWare\driverlib\ccs\Debug\</path>
         <kind>archive</kind>
         <file>driverlib.lib</file>
         <name>interrupt.obj</name>
      </input_file>
      <input_file id="fl-e2">
         <path>C:\TI_CodeComposer\TivaWare\driverlib\ccs\Debug\</path>
         <kind>archive</kind>
         <file>driverlib.lib</file>
         <name>sysctl.obj</name>
      </input_file>
      <input_file id="fl-e3">
         <path>C:\TI_CodeComposer\TivaWare\driverlib\ccs\Debug\</path>
         <kind>archive</kind>
         <file>driverlib.lib</file>
         <name>uart.obj</name>
      </input_file>
      <input_file id="fl-e4">
         <path>C:\TI_CodeComposer\TivaWare\driverlib\ccs\Debug\</path>
         <kind>archive</kind>
         <file>driverlib.lib</file>
         <name>cpu.obj</name>
      </input_file>
      <input_file id="fl-e5">
         <path>C:\TI_CodeComposer\TivaWare\sensorlib\ccs\Debug\</path>
         <kind>archive</kind>
         <file>sensorlib.lib</file>
         <name>i2cm_drv.obj</name>
      </input_file>
      <input_file id="fl-e6">
         <path>C:\TI_CodeComposer\TivaWare\sensorlib\ccs\Debug\</path>
         <kind>archive</kind>
         <file>sensorlib.lib</file>
         <name>mpu9150.obj</name>
      </input_file>
      <input_file id="fl-e7">
         <path>C:\TI_CodeComposer\ccsv6\tools\compiler\ti-cgt-arm_15.12.1.LTS\lib\</path>
         <kind>archive</kind>
         <file>rtsv7M4_T_le_v4SPD16_eabi.lib</file>
         <name>fd_mul_t2.obj</name>
      </input_file>
      <input_file id="fl-e8">
         <path>C:\TI_CodeComposer\ccsv6\tools\compiler\ti-cgt-arm_15.12.1.LTS\lib\</path>
         <kind>archive</kind>
         <file>rtsv7M4_T_le_v4SPD16_eabi.lib</file>
         <name>fd_tos_t2.obj</name>
      </input_file>
      <input_file id="fl-e9">
         <path>C:\TI_CodeComposer\ccsv6\tools\compiler\ti-cgt-arm_15.12.1.LTS\lib\</path>
         <kind>archive</kind>
         <file>rtsv7M4_T_le_v4SPD16_eabi.lib</file>
         <name>fs_tod_t2.obj</name>
      </input_file>
      <input_file id="fl-ea">
         <path>C:\TI_CodeComposer\TivaWare\driverlib\ccs\Debug\</path>
         <kind>archive</kind>
         <file>driverlib.lib</file>
         <name>i2c.obj</name>
      </input_file>
   </input_file_list>
   <object_component_list>
      <object_component id="oc-f">
         <name>.intvecs</name>
         <load_address>0x0</load_address>
         <run_address>0x0</run_address>
         <size>0x200</size>
         <input_file_ref idref="fl-2"/>
      </object_component>
      <object_component id="oc-98">
         <name>.text</name>
         <load_address>0x200</load_address>
         <run_address>0x200</run_address>
         <size>0x1720</size>
         <input_file_ref idref="fl-b"/>
      </object_component>
      <object_component id="oc-29f">
         <name>.text</name>
         <load_address>0x1920</load_address>
         <run_address>0x1920</run_address>
         <size>0x9ac</size>
         <input_file_ref idref="fl-a"/>
      </object_component>
      <object_component id="oc-145">
         <name>.text</name>
         <load_address>0x22cc</load_address>
         <run_address>0x22cc</run_address>
         <size>0x538</size>
         <input_file_ref idref="fl-c"/>
      </object_component>
      <object_component id="oc-b4">
         <name>.text</name>
         <load_address>0x2804</load_address>
         <run_address>0x2804</run_address>
         <size>0x49c</size>
         <input_file_ref idref="fl-6"/>
      </object_component>
      <object_component id="oc-215">
         <name>.text:SysCtlClockFreqSet</name>
         <load_address>0x2ca0</load_address>
         <run_address>0x2ca0</run_address>
         <size>0x1ec</size>
         <input_file_ref idref="fl-e2"/>
      </object_component>
      <object_component id="oc-154">
         <name>.text</name>
         <load_address>0x2e8c</load_address>
         <run_address>0x2e8c</run_address>
         <size>0x1b8</size>
         <input_file_ref idref="fl-4"/>
      </object_component>
      <object_component id="oc-3fa">
         <name>.text:MPU9150Callback</name>
         <load_address>0x3044</load_address>
         <run_address>0x3044</run_address>
         <size>0x194</size>
         <input_file_ref idref="fl-e6"/>
      </object_component>
      <object_component id="oc-3f">
         <name>.text</name>
         <load_address>0x31d8</load_address>
         <run_address>0x31d8</run_address>
         <size>0x13c</size>
         <input_file_ref idref="fl-11"/>
      </object_component>
      <object_component id="oc-39">
         <name>.text</name>
         <load_address>0x3314</load_address>
         <run_address>0x3314</run_address>
         <size>0x134</size>
         <input_file_ref idref="fl-d"/>
      </object_component>
      <object_component id="oc-20d">
         <name>.text:GPIOPadConfigSet</name>
         <load_address>0x3448</load_address>
         <run_address>0x3448</run_address>
         <size>0x132</size>
         <input_file_ref idref="fl-e0"/>
      </object_component>
      <object_component id="oc-139">
         <name>.text</name>
         <load_address>0x357a</load_address>
         <run_address>0x357a</run_address>
         <size>0x12a</size>
         <input_file_ref idref="fl-9"/>
      </object_component>
      <object_component id="oc-271">
         <name>.text</name>
         <load_address>0x36a4</load_address>
         <run_address>0x36a4</run_address>
         <size>0x108</size>
         <input_file_ref idref="fl-f"/>
      </object_component>
      <object_component id="oc-408">
         <name>.text</name>
         <load_address>0x37ac</load_address>
         <run_address>0x37ac</run_address>
         <size>0xfc</size>
         <input_file_ref idref="fl-e7"/>
      </object_component>
      <object_component id="oc-ae">
         <name>.text:I2CMIntHandler</name>
         <load_address>0x38a8</load_address>
         <run_address>0x38a8</run_address>
         <size>0xf2</size>
         <input_file_ref idref="fl-e5"/>
      </object_component>
      <object_component id="oc-309">
         <name>.text</name>
         <load_address>0x399a</load_address>
         <run_address>0x399a</run_address>
         <size>0x2</size>
         <input_file_ref idref="fl-de"/>
      </object_component>
      <object_component id="oc-121">
         <name>.text</name>
         <load_address>0x399c</load_address>
         <run_address>0x399c</run_address>
         <size>0xe8</size>
         <input_file_ref idref="fl-3"/>
      </object_component>
      <object_component id="oc-34">
         <name>.text</name>
         <load_address>0x3a84</load_address>
         <run_address>0x3a84</run_address>
         <size>0xd2</size>
         <input_file_ref idref="fl-e"/>
      </object_component>
      <object_component id="oc-6d">
         <name>.text</name>
         <load_address>0x3b56</load_address>
         <run_address>0x3b56</run_address>
         <size>0x2</size>
         <input_file_ref idref="fl-d6"/>
      </object_component>
      <object_component id="oc-265">
         <name>.text</name>
         <load_address>0x3b58</load_address>
         <run_address>0x3b58</run_address>
         <size>0xa0</size>
         <input_file_ref idref="fl-12"/>
      </object_component>
      <object_component id="oc-394">
         <name>.text:MPU9150DataMagnetoGetFloat</name>
         <load_address>0x3bf8</load_address>
         <run_address>0x3bf8</run_address>
         <size>0x9c</size>
         <input_file_ref idref="fl-e6"/>
      </object_component>
      <object_component id="oc-48">
         <name>.text</name>
         <load_address>0x3c94</load_address>
         <run_address>0x3c94</run_address>
         <size>0x9c</size>
         <input_file_ref idref="fl-d4"/>
      </object_component>
      <object_component id="oc-1bd">
         <name>.text:I2CMStateIdle</name>
         <load_address>0x3d30</load_address>
         <run_address>0x3d30</run_address>
         <size>0x98</size>
         <input_file_ref idref="fl-e5"/>
      </object_component>
      <object_component id="oc-d2">
         <name>.text</name>
         <load_address>0x3dc8</load_address>
         <run_address>0x3dc8</run_address>
         <size>0x98</size>
         <input_file_ref idref="fl-5"/>
      </object_component>
      <object_component id="oc-23b">
         <name>.text:I2CMCommand</name>
         <load_address>0x3e60</load_address>
         <run_address>0x3e60</run_address>
         <size>0x88</size>
         <input_file_ref idref="fl-e5"/>
      </object_component>
      <object_component id="oc-61">
         <name>.text</name>
         <load_address>0x3ee8</load_address>
         <run_address>0x3ee8</run_address>
         <size>0x7a</size>
         <input_file_ref idref="fl-d5"/>
      </object_component>
      <object_component id="oc-119">
         <name>.text</name>
         <load_address>0x3f62</load_address>
         <run_address>0x3f62</run_address>
         <size>0x2</size>
         <input_file_ref idref="fl-df"/>
      </object_component>
      <object_component id="oc-79">
         <name>.text</name>
         <load_address>0x3f64</load_address>
         <run_address>0x3f64</run_address>
         <size>0x70</size>
         <input_file_ref idref="fl-dc"/>
      </object_component>
      <object_component id="oc-40d">
         <name>.text</name>
         <load_address>0x3fd4</load_address>
         <run_address>0x3fd4</run_address>
         <size>0x6e</size>
         <input_file_ref idref="fl-e8"/>
      </object_component>
      <object_component id="oc-388">
         <name>.text:MPU9150Init</name>
         <load_address>0x4044</load_address>
         <run_address>0x4044</run_address>
         <size>0x6c</size>
         <input_file_ref idref="fl-e6"/>
      </object_component>
      <object_component id="oc-54">
         <name>.text</name>
         <load_address>0x40b0</load_address>
         <run_address>0x40b0</run_address>
         <size>0x6a</size>
         <input_file_ref idref="fl-d1"/>
      </object_component>
      <object_component id="oc-34d">
         <name>.text:IntDisable</name>
         <load_address>0x411c</load_address>
         <run_address>0x411c</run_address>
         <size>0x68</size>
         <input_file_ref idref="fl-e1"/>
      </object_component>
      <object_component id="oc-22e">
         <name>.text:IntEnable</name>
         <load_address>0x4184</load_address>
         <run_address>0x4184</run_address>
         <size>0x68</size>
         <input_file_ref idref="fl-e1"/>
      </object_component>
      <object_component id="oc-347">
         <name>.text:IntIsEnabled</name>
         <load_address>0x41ec</load_address>
         <run_address>0x41ec</run_address>
         <size>0x64</size>
         <input_file_ref idref="fl-e1"/>
      </object_component>
      <object_component id="oc-38e">
         <name>.text:MPU9150DataRead</name>
         <load_address>0x4250</load_address>
         <run_address>0x4250</run_address>
         <size>0x60</size>
         <input_file_ref idref="fl-e6"/>
      </object_component>
      <object_component id="oc-1ab">
         <name>.text:I2CMStateWritePause</name>
         <load_address>0x42b0</load_address>
         <run_address>0x42b0</run_address>
         <size>0x5e</size>
         <input_file_ref idref="fl-e5"/>
      </object_component>
      <object_component id="oc-24">
         <name>.text</name>
         <load_address>0x4310</load_address>
         <run_address>0x4310</run_address>
         <size>0x54</size>
         <input_file_ref idref="fl-cf"/>
      </object_component>
      <object_component id="oc-85">
         <name>.text</name>
         <load_address>0x4364</load_address>
         <run_address>0x4364</run_address>
         <size>0x54</size>
         <input_file_ref idref="fl-d3"/>
      </object_component>
      <object_component id="oc-1b1">
         <name>.text:I2CMStateWriteFinal</name>
         <load_address>0x43b8</load_address>
         <run_address>0x43b8</run_address>
         <size>0x50</size>
         <input_file_ref idref="fl-e5"/>
      </object_component>
      <object_component id="oc-25f">
         <name>.text</name>
         <load_address>0x4408</load_address>
         <run_address>0x4408</run_address>
         <size>0x50</size>
         <input_file_ref idref="fl-10"/>
      </object_component>
      <object_component id="oc-228">
         <name>.text:I2CMasterInitExpClk</name>
         <load_address>0x4458</load_address>
         <run_address>0x4458</run_address>
         <size>0x4c</size>
         <input_file_ref idref="fl-ea"/>
      </object_component>
      <object_component id="oc-113">
         <name>.text</name>
         <load_address>0x44a4</load_address>
         <run_address>0x44a4</run_address>
         <size>0x4c</size>
         <input_file_ref idref="fl-dd"/>
      </object_component>
      <object_component id="oc-199">
         <name>.text:I2CMStateReadNext</name>
         <load_address>0x44f0</load_address>
         <run_address>0x44f0</run_address>
         <size>0x4a</size>
         <input_file_ref idref="fl-e5"/>
      </object_component>
      <object_component id="oc-c0">
         <name>.text:GPIOPinConfigure</name>
         <load_address>0x453c</load_address>
         <run_address>0x453c</run_address>
         <size>0x48</size>
         <input_file_ref idref="fl-e0"/>
      </object_component>
      <object_component id="oc-1b7">
         <name>.text:I2CMStateWriteNext</name>
         <load_address>0x4584</load_address>
         <run_address>0x4584</run_address>
         <size>0x48</size>
         <input_file_ref idref="fl-e5"/>
      </object_component>
      <object_component id="oc-328">
         <name>.text:_SysCtlFrequencyGet</name>
         <load_address>0x45cc</load_address>
         <run_address>0x45cc</run_address>
         <size>0x48</size>
         <input_file_ref idref="fl-e2"/>
      </object_component>
      <object_component id="oc-1cb">
         <name>.text:UARTConfigSetExpClk</name>
         <load_address>0x4614</load_address>
         <run_address>0x4614</run_address>
         <size>0x46</size>
         <input_file_ref idref="fl-e3"/>
      </object_component>
      <object_component id="oc-181">
         <name>.text:I2CMStateCallback</name>
         <load_address>0x465a</load_address>
         <run_address>0x465a</run_address>
         <size>0x44</size>
         <input_file_ref idref="fl-e5"/>
      </object_component>
      <object_component id="oc-26b">
         <name>.text</name>
         <load_address>0x46a0</load_address>
         <run_address>0x46a0</run_address>
         <size>0x44</size>
         <input_file_ref idref="fl-13"/>
      </object_component>
      <object_component id="oc-193">
         <name>.text:I2CMStateReadFinal</name>
         <load_address>0x46e4</load_address>
         <run_address>0x46e4</run_address>
         <size>0x42</size>
         <input_file_ref idref="fl-e5"/>
      </object_component>
      <object_component id="oc-1ec">
         <name>.text</name>
         <load_address>0x4726</load_address>
         <run_address>0x4726</run_address>
         <size>0x40</size>
         <input_file_ref idref="fl-d9"/>
      </object_component>
      <object_component id="oc-18d">
         <name>.text:I2CMStateReadPause</name>
         <load_address>0x4766</load_address>
         <run_address>0x4766</run_address>
         <size>0x3e</size>
         <input_file_ref idref="fl-e5"/>
      </object_component>
      <object_component id="oc-1c5">
         <name>.text:SysCtlPeripheralPresent</name>
         <load_address>0x47a4</load_address>
         <run_address>0x47a4</run_address>
         <size>0x38</size>
         <input_file_ref idref="fl-e2"/>
      </object_component>
      <object_component id="oc-403">
         <name>.text</name>
         <load_address>0x47dc</load_address>
         <run_address>0x47dc</run_address>
         <size>0x38</size>
         <input_file_ref idref="fl-e9"/>
      </object_component>
      <object_component id="oc-de">
         <name>.text:I2CMWrite</name>
         <load_address>0x4814</load_address>
         <run_address>0x4814</run_address>
         <size>0x36</size>
         <input_file_ref idref="fl-f"/>
      </object_component>
      <object_component id="oc-39a">
         <name>.text:MPU9150DataMagnetoGetRaw</name>
         <load_address>0x484a</load_address>
         <run_address>0x484a</run_address>
         <size>0x36</size>
         <input_file_ref idref="fl-e6"/>
      </object_component>
      <object_component id="oc-d8">
         <name>.text:I2CMInit</name>
         <load_address>0x4880</load_address>
         <run_address>0x4880</run_address>
         <size>0x34</size>
         <input_file_ref idref="fl-e5"/>
      </object_component>
      <object_component id="oc-ba">
         <name>.text:SysCtlPeripheralEnable</name>
         <load_address>0x48b4</load_address>
         <run_address>0x48b4</run_address>
         <size>0x34</size>
         <input_file_ref idref="fl-e2"/>
      </object_component>
      <object_component id="oc-207">
         <name>.text:GPIODirModeSet</name>
         <load_address>0x48e8</load_address>
         <run_address>0x48e8</run_address>
         <size>0x2a</size>
         <input_file_ref idref="fl-e0"/>
      </object_component>
      <object_component id="oc-19f">
         <name>.text:I2CMStateReadFirst</name>
         <load_address>0x4912</load_address>
         <run_address>0x4912</run_address>
         <size>0x2a</size>
         <input_file_ref idref="fl-e5"/>
      </object_component>
      <object_component id="oc-1a5">
         <name>.text:I2CMStateReadOne</name>
         <load_address>0x493c</load_address>
         <run_address>0x493c</run_address>
         <size>0x20</size>
         <input_file_ref idref="fl-e5"/>
      </object_component>
      <object_component id="oc-2f8">
         <name>.text:UARTDisable</name>
         <load_address>0x495c</load_address>
         <run_address>0x495c</run_address>
         <size>0x20</size>
         <input_file_ref idref="fl-e3"/>
      </object_component>
      <object_component id="oc-322">
         <name>.text:_SysCtlMemTimingGet</name>
         <load_address>0x497c</load_address>
         <run_address>0x497c</run_address>
         <size>0x20</size>
         <input_file_ref idref="fl-e2"/>
      </object_component>
      <object_component id="oc-187">
         <name>.text:I2CMStateReadWait</name>
         <load_address>0x499c</load_address>
         <run_address>0x499c</run_address>
         <size>0x1a</size>
         <input_file_ref idref="fl-e5"/>
      </object_component>
      <object_component id="oc-368">
         <name>.text:GPIOPinTypeGPIOOutput</name>
         <load_address>0x49b6</load_address>
         <run_address>0x49b6</run_address>
         <size>0x18</size>
         <input_file_ref idref="fl-e0"/>
      </object_component>
      <object_component id="oc-7f">
         <name>.text</name>
         <load_address>0x49d0</load_address>
         <run_address>0x49d0</run_address>
         <size>0x18</size>
         <input_file_ref idref="fl-db"/>
      </object_component>
      <object_component id="oc-1d1">
         <name>.text:UARTEnable</name>
         <load_address>0x49e8</load_address>
         <run_address>0x49e8</run_address>
         <size>0x14</size>
         <input_file_ref idref="fl-e3"/>
      </object_component>
      <object_component id="oc-281">
         <name>.text</name>
         <load_address>0x49fc</load_address>
         <run_address>0x49fc</run_address>
         <size>0x14</size>
         <input_file_ref idref="fl-da"/>
      </object_component>
      <object_component id="oc-cc">
         <name>.text:GPIOPinTypeI2C</name>
         <load_address>0x4a10</load_address>
         <run_address>0x4a10</run_address>
         <size>0x12</size>
         <input_file_ref idref="fl-e0"/>
      </object_component>
      <object_component id="oc-c6">
         <name>.text:GPIOPinTypeI2CSCL</name>
         <load_address>0x4a22</load_address>
         <run_address>0x4a22</run_address>
         <size>0x12</size>
         <input_file_ref idref="fl-e0"/>
      </object_component>
      <object_component id="oc-21b">
         <name>.text:GPIOPinTypeUART</name>
         <load_address>0x4a34</load_address>
         <run_address>0x4a34</run_address>
         <size>0x12</size>
         <input_file_ref idref="fl-e0"/>
      </object_component>
      <object_component id="oc-12">
         <name>.text:decompress:none</name>
         <load_address>0x4a46</load_address>
         <run_address>0x4a46</run_address>
         <size>0xe</size>
         <input_file_ref idref="fl-d0"/>
      </object_component>
      <object_component id="oc-2e">
         <name>.text</name>
         <load_address>0x4a54</load_address>
         <run_address>0x4a54</run_address>
         <size>0xc</size>
         <input_file_ref idref="fl-2"/>
      </object_component>
      <object_component id="oc-353">
         <name>.text:IntTrigger</name>
         <load_address>0x4a60</load_address>
         <run_address>0x4a60</run_address>
         <size>0xc</size>
         <input_file_ref idref="fl-e1"/>
      </object_component>
      <object_component id="oc-33a">
         <name>.text:I2CMasterEnable</name>
         <load_address>0x4a6c</load_address>
         <run_address>0x4a6c</run_address>
         <size>0xa</size>
         <input_file_ref idref="fl-ea"/>
      </object_component>
      <object_component id="oc-1dd">
         <name>.text:UARTCharGet</name>
         <load_address>0x4a76</load_address>
         <run_address>0x4a76</run_address>
         <size>0xa</size>
         <input_file_ref idref="fl-e3"/>
      </object_component>
      <object_component id="oc-1d7">
         <name>.text:UARTCharPut</name>
         <load_address>0x4a80</load_address>
         <run_address>0x4a80</run_address>
         <size>0xa</size>
         <input_file_ref idref="fl-e3"/>
      </object_component>
      <object_component id="oc-175">
         <name>.text:I2CMasterIntClear</name>
         <load_address>0x4a8a</load_address>
         <run_address>0x4a8a</run_address>
         <size>0x8</size>
         <input_file_ref idref="fl-ea"/>
      </object_component>
      <object_component id="oc-234">
         <name>.text:I2CMasterIntEnableEx</name>
         <load_address>0x4a92</load_address>
         <run_address>0x4a92</run_address>
         <size>0x8</size>
         <input_file_ref idref="fl-ea"/>
      </object_component>
      <object_component id="oc-2e3">
         <name>.text:I2CMasterSlaveAddrSet</name>
         <load_address>0x4a9a</load_address>
         <run_address>0x4a9a</run_address>
         <size>0x8</size>
         <input_file_ref idref="fl-ea"/>
      </object_component>
      <object_component id="oc-36e">
         <name>.text:GPIOPinRead</name>
         <load_address>0x4aa2</load_address>
         <run_address>0x4aa2</run_address>
         <size>0x6</size>
         <input_file_ref idref="fl-e0"/>
      </object_component>
      <object_component id="oc-374">
         <name>.text:GPIOPinWrite</name>
         <load_address>0x4aa8</load_address>
         <run_address>0x4aa8</run_address>
         <size>0x6</size>
         <input_file_ref idref="fl-e0"/>
      </object_component>
      <object_component id="oc-221">
         <name>.text:UARTClockSourceSet</name>
         <load_address>0x4aae</load_address>
         <run_address>0x4aae</run_address>
         <size>0x6</size>
         <input_file_ref idref="fl-e3"/>
      </object_component>
      <object_component id="oc-18">
         <name>.text:decompress:rle24</name>
         <load_address>0x4ab4</load_address>
         <run_address>0x4ab4</run_address>
         <size>0x6</size>
         <input_file_ref idref="fl-d1"/>
      </object_component>
      <object_component id="oc-17b">
         <name>.text:I2CMasterControl</name>
         <load_address>0x4aba</load_address>
         <run_address>0x4aba</run_address>
         <size>0x4</size>
         <input_file_ref idref="fl-ea"/>
      </object_component>
      <object_component id="oc-2d9">
         <name>.text:I2CMasterDataGet</name>
         <load_address>0x4abe</load_address>
         <run_address>0x4abe</run_address>
         <size>0x4</size>
         <input_file_ref idref="fl-ea"/>
      </object_component>
      <object_component id="oc-2eb">
         <name>.text:I2CMasterDataPut</name>
         <load_address>0x4ac2</load_address>
         <run_address>0x4ac2</run_address>
         <size>0x4</size>
         <input_file_ref idref="fl-ea"/>
      </object_component>
      <object_component id="oc-73">
         <name>.text</name>
         <load_address>0x4ac6</load_address>
         <run_address>0x4ac6</run_address>
         <size>0x4</size>
         <input_file_ref idref="fl-d7"/>
      </object_component>
      <object_component id="oc-331">
         <name>.const:g_pppui32XTALtoVCO</name>
         <load_address>0x4acc</load_address>
         <run_address>0x4acc</run_address>
         <size>0x1b0</size>
         <input_file_ref idref="fl-e2"/>
      </object_component>
      <object_component id="oc-202">
         <name>.const:g_pui32GPIOBaseAddrs</name>
         <load_address>0x4c7c</load_address>
         <run_address>0x4c7c</run_address>
         <size>0x90</size>
         <input_file_ref idref="fl-e0"/>
      </object_component>
      <object_component id="oc-341">
         <name>.const</name>
         <load_address>0x4d0c</load_address>
         <run_address>0x4d0c</run_address>
         <size>0x70</size>
         <input_file_ref idref="fl-e1"/>
      </object_component>
      <object_component id="oc-32e">
         <name>.const:g_pui32Xtals</name>
         <load_address>0x4d7c</load_address>
         <run_address>0x4d7c</run_address>
         <size>0x6c</size>
         <input_file_ref idref="fl-e2"/>
      </object_component>
      <object_component id="oc-3d7">
         <name>.const:g_sXTALtoMEMTIM</name>
         <load_address>0x4de8</load_address>
         <run_address>0x4de8</run_address>
         <size>0x30</size>
         <input_file_ref idref="fl-e2"/>
      </object_component>
      <object_component id="oc-310">
         <name>.const:.string</name>
         <load_address>0x4e18</load_address>
         <run_address>0x4e18</run_address>
         <size>0x12</size>
         <input_file_ref idref="fl-6"/>
      </object_component>
      <object_component id="oc-2ca">
         <name>.const</name>
         <load_address>0x4e2a</load_address>
         <run_address>0x4e2a</run_address>
         <size>0x2</size>
         <input_file_ref idref="fl-4"/>
      </object_component>
      <object_component id="oc-1e9">
         <name>.const:g_ui32UARTBase</name>
         <load_address>0x4e2c</load_address>
         <run_address>0x4e2c</run_address>
         <size>0xc</size>
         <input_file_ref idref="fl-6"/>
      </object_component>
      <object_component id="oc-1e3">
         <name>.const:g_ui32UARTPeriph</name>
         <load_address>0x4e38</load_address>
         <run_address>0x4e38</run_address>
         <size>0xc</size>
         <input_file_ref idref="fl-6"/>
      </object_component>
      <object_component id="oc-334">
         <name>.const</name>
         <load_address>0x4e44</load_address>
         <run_address>0x4e44</run_address>
         <size>0x8</size>
         <input_file_ref idref="fl-e2"/>
      </object_component>
      <object_component id="oc-95">
         <name>.const</name>
         <load_address>0x4e4c</load_address>
         <run_address>0x4e4c</run_address>
         <size>0x4</size>
         <input_file_ref idref="fl-d"/>
      </object_component>
      <object_component id="oc-1f1">
         <name>.const</name>
         <load_address>0x4e50</load_address>
         <run_address>0x4e50</run_address>
         <size>0x4</size>
         <input_file_ref idref="fl-6"/>
      </object_component>
      <object_component id="oc-450">
         <name>.cinit..data.load</name>
         <load_address>0x4e58</load_address>
         <run_address>0x4e58</run_address>
         <size>0x33</size>
      </object_component>
      <object_component id="oc-451">
         <name>.cinit..bss.load</name>
         <load_address>0x4e90</load_address>
         <run_address>0x4e90</run_address>
         <size>0xb</size>
      </object_component>
      <object_component id="oc-44e">
         <name>__TI_handler_table</name>
         <load_address>0x4e9c</load_address>
         <run_address>0x4e9c</run_address>
         <size>0x8</size>
      </object_component>
      <object_component id="oc-44f">
         <name>__TI_cinit_table</name>
         <load_address>0x4ea4</load_address>
         <run_address>0x4ea4</run_address>
         <size>0x10</size>
      </object_component>
      <object_component id="oc-2be">
         <name>.data</name>
         <load_address>0x2000cfb8</load_address>
         <run_address>0x2000cfb8</run_address>
         <size>0x8</size>
         <input_file_ref idref="fl-4"/>
      </object_component>
      <object_component id="oc-eb">
         <name>.data</name>
         <load_address>0x2000cf8c</load_address>
         <run_address>0x2000cf8c</run_address>
         <size>0x10</size>
         <input_file_ref idref="fl-5"/>
      </object_component>
      <object_component id="oc-1e6">
         <name>.data</name>
         <load_address>0x2000cfd0</load_address>
         <run_address>0x2000cfd0</run_address>
         <size>0x5</size>
         <input_file_ref idref="fl-6"/>
      </object_component>
      <object_component id="oc-92">
         <name>.data</name>
         <load_address>0x2000cf40</load_address>
         <run_address>0x2000cf40</run_address>
         <size>0x30</size>
         <input_file_ref idref="fl-b"/>
      </object_component>
      <object_component id="oc-2a5">
         <name>.data</name>
         <load_address>0x2000cfc8</load_address>
         <run_address>0x2000cfc8</run_address>
         <size>0x8</size>
         <input_file_ref idref="fl-c"/>
      </object_component>
      <object_component id="oc-9f">
         <name>.data</name>
         <load_address>0x2000cfc0</load_address>
         <run_address>0x2000cfc0</run_address>
         <size>0x8</size>
         <input_file_ref idref="fl-d"/>
      </object_component>
      <object_component id="oc-e5">
         <name>.data</name>
         <load_address>0x2000cf70</load_address>
         <run_address>0x2000cf70</run_address>
         <size>0x19</size>
         <input_file_ref idref="fl-11"/>
      </object_component>
      <object_component id="oc-ee">
         <name>.data:I2C7WriteData</name>
         <load_address>0x2000cfb0</load_address>
         <run_address>0x2000cfb0</run_address>
         <size>0x8</size>
         <input_file_ref idref="fl-11"/>
      </object_component>
      <object_component id="oc-37c">
         <name>.data</name>
         <load_address>0x2000cfd8</load_address>
         <run_address>0x2000cfd8</run_address>
         <size>0x4</size>
         <input_file_ref idref="fl-12"/>
      </object_component>
      <object_component id="oc-129">
         <name>.data:$O1$$</name>
         <load_address>0x2000cf9c</load_address>
         <run_address>0x2000cf9c</run_address>
         <size>0xc</size>
         <input_file_ref idref="fl-d3"/>
      </object_component>
      <object_component id="oc-8b">
         <name>.data</name>
         <load_address>0x2000cfdc</load_address>
         <run_address>0x2000cfdc</run_address>
         <size>0x4</size>
         <input_file_ref idref="fl-d8"/>
      </object_component>
      <object_component id="oc-12c">
         <name>.data:$O1$$</name>
         <load_address>0x2000cfa8</load_address>
         <run_address>0x2000cfa8</run_address>
         <size>0x8</size>
         <input_file_ref idref="fl-da"/>
      </object_component>
      <object_component id="oc-2b">
         <name>.bss:pulStack</name>
         <uninitialized>true</uninitialized>
         <run_address>0x2000c474</run_address>
         <size>0x100</size>
         <input_file_ref idref="fl-2"/>
      </object_component>
      <object_component id="oc-2c4">
         <name>.bss:xHeap</name>
         <uninitialized>true</uninitialized>
         <run_address>0x20000000</run_address>
         <size>0xc350</size>
         <input_file_ref idref="fl-4"/>
      </object_component>
      <object_component id="oc-2c1">
         <name>.bss:xStart</name>
         <uninitialized>true</uninitialized>
         <run_address>0x2000c734</run_address>
         <size>0x8</size>
         <input_file_ref idref="fl-4"/>
      </object_component>
      <object_component id="oc-2c7">
         <name>.bss:xEnd</name>
         <uninitialized>true</uninitialized>
         <run_address>0x2000c72c</run_address>
         <size>0x8</size>
         <input_file_ref idref="fl-4"/>
      </object_component>
      <object_component id="oc-13f">
         <name>.bss:pxReadyTasksLists</name>
         <uninitialized>true</uninitialized>
         <run_address>0x2000c5e0</run_address>
         <size>0x64</size>
         <input_file_ref idref="fl-b"/>
      </object_component>
      <object_component id="oc-15a">
         <name>.bss:xDelayedTaskList1</name>
         <uninitialized>true</uninitialized>
         <run_address>0x2000c6ac</run_address>
         <size>0x14</size>
         <input_file_ref idref="fl-b"/>
      </object_component>
      <object_component id="oc-15d">
         <name>.bss:xDelayedTaskList2</name>
         <uninitialized>true</uninitialized>
         <run_address>0x2000c6c0</run_address>
         <size>0x14</size>
         <input_file_ref idref="fl-b"/>
      </object_component>
      <object_component id="oc-151">
         <name>.bss</name>
         <uninitialized>true</uninitialized>
         <run_address>0x2000c71c</run_address>
         <size>0x8</size>
         <input_file_ref idref="fl-b"/>
      </object_component>
      <object_component id="oc-14e">
         <name>.bss:xPendingReadyList</name>
         <uninitialized>true</uninitialized>
         <run_address>0x2000c6d4</run_address>
         <size>0x14</size>
         <input_file_ref idref="fl-b"/>
      </object_component>
      <object_component id="oc-142">
         <name>.bss:xTasksWaitingTermination</name>
         <uninitialized>true</uninitialized>
         <run_address>0x2000c6fc</run_address>
         <size>0x14</size>
         <input_file_ref idref="fl-b"/>
      </object_component>
      <object_component id="oc-14b">
         <name>.bss:xSuspendedTaskList</name>
         <uninitialized>true</uninitialized>
         <run_address>0x2000c6e8</run_address>
         <size>0x14</size>
         <input_file_ref idref="fl-b"/>
      </object_component>
      <object_component id="oc-2ab">
         <name>.bss:xActiveTimerList1</name>
         <uninitialized>true</uninitialized>
         <run_address>0x2000c684</run_address>
         <size>0x14</size>
         <input_file_ref idref="fl-c"/>
      </object_component>
      <object_component id="oc-2ae">
         <name>.bss:xActiveTimerList2</name>
         <uninitialized>true</uninitialized>
         <run_address>0x2000c698</run_address>
         <size>0x14</size>
         <input_file_ref idref="fl-c"/>
      </object_component>
      <object_component id="oc-2a8">
         <name>.bss</name>
         <uninitialized>true</uninitialized>
         <run_address>0x2000c724</run_address>
         <size>0x8</size>
         <input_file_ref idref="fl-c"/>
      </object_component>
      <object_component id="oc-3aa">
         <name>.common:xQueueRegistry</name>
         <uninitialized>true</uninitialized>
         <run_address>0x2000c644</run_address>
         <size>0x40</size>
      </object_component>
      <object_component id="oc-3a2">
         <name>.common:fMagneto</name>
         <uninitialized>true</uninitialized>
         <run_address>0x2000c710</run_address>
         <size>0xc</size>
      </object_component>
      <object_component id="oc-3a1">
         <name>.common:sMPU9150</name>
         <uninitialized>true</uninitialized>
         <run_address>0x2000c574</run_address>
         <size>0x6c</size>
      </object_component>
      <object_component id="oc-3a0">
         <name>.common:g_bMPU9150Done</name>
         <uninitialized>true</uninitialized>
         <run_address>0x2000c73c</run_address>
         <size>0x1</size>
      </object_component>
      <object_component id="oc-e8">
         <name>.common:I2C7_Instance</name>
         <uninitialized>true</uninitialized>
         <run_address>0x2000c350</run_address>
         <size>0x124</size>
      </object_component>
      <object_component id="oc-2a">
         <name>.stack</name>
         <uninitialized>true</uninitialized>
         <run_address>0x2000c740</run_address>
         <size>0x0</size>
         <input_file_ref idref="fl-cf"/>
      </object_component>
      <object_component id="oc-452">
         <name>.stack</name>
         <uninitialized>true</uninitialized>
         <run_address>0x2000c740</run_address>
         <size>0x0</size>
      </object_component>
      <object_component id="oc-47">
         <name>.debug_info</name>
         <load_address>0x0</load_address>
         <run_address>0x0</run_address>
         <size>0x1ac</size>
         <input_file_ref idref="fl-2"/>
      </object_component>
      <object_component id="oc-2c">
         <name>.debug_info</name>
         <load_address>0x1ac</load_address>
         <run_address>0x1ac</run_address>
         <size>0xe7</size>
         <input_file_ref idref="fl-2"/>
      </object_component>
      <object_component id="oc-10">
         <name>.debug_info</name>
         <load_address>0x293</load_address>
         <run_address>0x293</run_address>
         <size>0xf0</size>
         <input_file_ref idref="fl-2"/>
      </object_component>
      <object_component id="oc-2f">
         <name>.debug_info</name>
         <load_address>0x383</load_address>
         <run_address>0x383</run_address>
         <size>0x29c</size>
         <input_file_ref idref="fl-2"/>
      </object_component>
      <object_component id="oc-f9">
         <name>.debug_info</name>
         <load_address>0x61f</load_address>
         <run_address>0x61f</run_address>
         <size>0x84</size>
         <input_file_ref idref="fl-2"/>
      </object_component>
      <object_component id="oc-f2">
         <name>.debug_info</name>
         <load_address>0x6a3</load_address>
         <run_address>0x6a3</run_address>
         <size>0x18b</size>
         <input_file_ref idref="fl-2"/>
      </object_component>
      <object_component id="oc-1fb">
         <name>.debug_info</name>
         <load_address>0x82e</load_address>
         <run_address>0x82e</run_address>
         <size>0x4e</size>
         <input_file_ref idref="fl-2"/>
      </object_component>
      <object_component id="oc-174">
         <name>.debug_info</name>
         <load_address>0x87c</load_address>
         <run_address>0x87c</run_address>
         <size>0x330</size>
         <input_file_ref idref="fl-3"/>
      </object_component>
      <object_component id="oc-122">
         <name>.debug_info</name>
         <load_address>0xbac</load_address>
         <run_address>0xbac</run_address>
         <size>0x1db</size>
         <input_file_ref idref="fl-3"/>
      </object_component>
      <object_component id="oc-161">
         <name>.debug_info</name>
         <load_address>0xd87</load_address>
         <run_address>0xd87</run_address>
         <size>0x2ef</size>
         <input_file_ref idref="fl-3"/>
      </object_component>
      <object_component id="oc-a4">
         <name>.debug_info</name>
         <load_address>0x1076</load_address>
         <run_address>0x1076</run_address>
         <size>0x2c</size>
         <input_file_ref idref="fl-3"/>
      </object_component>
      <object_component id="oc-a9">
         <name>.debug_info</name>
         <load_address>0x10a2</load_address>
         <run_address>0x10a2</run_address>
         <size>0xae</size>
         <input_file_ref idref="fl-3"/>
      </object_component>
      <object_component id="oc-16f">
         <name>.debug_info</name>
         <load_address>0x1150</load_address>
         <run_address>0x1150</run_address>
         <size>0x14c</size>
         <input_file_ref idref="fl-3"/>
      </object_component>
      <object_component id="oc-2ce">
         <name>.debug_info</name>
         <load_address>0x129c</load_address>
         <run_address>0x129c</run_address>
         <size>0x1c5</size>
         <input_file_ref idref="fl-4"/>
      </object_component>
      <object_component id="oc-2c5">
         <name>.debug_info</name>
         <load_address>0x1461</load_address>
         <run_address>0x1461</run_address>
         <size>0xd1</size>
         <input_file_ref idref="fl-4"/>
      </object_component>
      <object_component id="oc-2cb">
         <name>.debug_info</name>
         <load_address>0x1532</load_address>
         <run_address>0x1532</run_address>
         <size>0xe5</size>
         <input_file_ref idref="fl-4"/>
      </object_component>
      <object_component id="oc-2c2">
         <name>.debug_info</name>
         <load_address>0x1617</load_address>
         <run_address>0x1617</run_address>
         <size>0xd3</size>
         <input_file_ref idref="fl-4"/>
      </object_component>
      <object_component id="oc-2c8">
         <name>.debug_info</name>
         <load_address>0x16ea</load_address>
         <run_address>0x16ea</run_address>
         <size>0xcf</size>
         <input_file_ref idref="fl-4"/>
      </object_component>
      <object_component id="oc-2bf">
         <name>.debug_info</name>
         <load_address>0x17b9</load_address>
         <run_address>0x17b9</run_address>
         <size>0xed</size>
         <input_file_ref idref="fl-4"/>
      </object_component>
      <object_component id="oc-155">
         <name>.debug_info</name>
         <load_address>0x18a6</load_address>
         <run_address>0x18a6</run_address>
         <size>0x47f</size>
         <input_file_ref idref="fl-4"/>
      </object_component>
      <object_component id="oc-28f">
         <name>.debug_info</name>
         <load_address>0x1d25</load_address>
         <run_address>0x1d25</run_address>
         <size>0x110</size>
         <input_file_ref idref="fl-4"/>
      </object_component>
      <object_component id="oc-3c1">
         <name>.debug_info</name>
         <load_address>0x1e35</load_address>
         <run_address>0x1e35</run_address>
         <size>0x99</size>
         <input_file_ref idref="fl-4"/>
      </object_component>
      <object_component id="oc-ec">
         <name>.debug_info</name>
         <load_address>0x1ece</load_address>
         <run_address>0x1ece</run_address>
         <size>0x196</size>
         <input_file_ref idref="fl-5"/>
      </object_component>
      <object_component id="oc-d3">
         <name>.debug_info</name>
         <load_address>0x2064</load_address>
         <run_address>0x2064</run_address>
         <size>0x31f</size>
         <input_file_ref idref="fl-5"/>
      </object_component>
      <object_component id="oc-1fa">
         <name>.debug_info</name>
         <load_address>0x2383</load_address>
         <run_address>0x2383</run_address>
         <size>0x249</size>
         <input_file_ref idref="fl-6"/>
      </object_component>
      <object_component id="oc-1e7">
         <name>.debug_info</name>
         <load_address>0x25cc</load_address>
         <run_address>0x25cc</run_address>
         <size>0xe6</size>
         <input_file_ref idref="fl-6"/>
      </object_component>
      <object_component id="oc-1f2">
         <name>.debug_info</name>
         <load_address>0x26b2</load_address>
         <run_address>0x26b2</run_address>
         <size>0xe0</size>
         <input_file_ref idref="fl-6"/>
      </object_component>
      <object_component id="oc-1ea">
         <name>.debug_info</name>
         <load_address>0x2792</load_address>
         <run_address>0x2792</run_address>
         <size>0xee</size>
         <input_file_ref idref="fl-6"/>
      </object_component>
      <object_component id="oc-1e4">
         <name>.debug_info</name>
         <load_address>0x2880</load_address>
         <run_address>0x2880</run_address>
         <size>0xf2</size>
         <input_file_ref idref="fl-6"/>
      </object_component>
      <object_component id="oc-b5">
         <name>.debug_info</name>
         <load_address>0x2972</load_address>
         <run_address>0x2972</run_address>
         <size>0x7ef</size>
         <input_file_ref idref="fl-6"/>
      </object_component>
      <object_component id="oc-1f5">
         <name>.debug_info</name>
         <load_address>0x3161</load_address>
         <run_address>0x3161</run_address>
         <size>0x8b</size>
         <input_file_ref idref="fl-6"/>
      </object_component>
      <object_component id="oc-3a7">
         <name>.debug_info</name>
         <load_address>0x31ec</load_address>
         <run_address>0x31ec</run_address>
         <size>0x437</size>
         <input_file_ref idref="fl-8"/>
      </object_component>
      <object_component id="oc-416">
         <name>.debug_info</name>
         <load_address>0x3623</load_address>
         <run_address>0x3623</run_address>
         <size>0x39</size>
         <input_file_ref idref="fl-8"/>
      </object_component>
      <object_component id="oc-294">
         <name>.debug_info</name>
         <load_address>0x365c</load_address>
         <run_address>0x365c</run_address>
         <size>0x46</size>
         <input_file_ref idref="fl-8"/>
      </object_component>
      <object_component id="oc-41b">
         <name>.debug_info</name>
         <load_address>0x36a2</load_address>
         <run_address>0x36a2</run_address>
         <size>0x76</size>
         <input_file_ref idref="fl-8"/>
      </object_component>
      <object_component id="oc-29a">
         <name>.debug_info</name>
         <load_address>0x3718</load_address>
         <run_address>0x3718</run_address>
         <size>0x146</size>
         <input_file_ref idref="fl-9"/>
      </object_component>
      <object_component id="oc-13a">
         <name>.debug_info</name>
         <load_address>0x385e</load_address>
         <run_address>0x385e</run_address>
         <size>0x5d7</size>
         <input_file_ref idref="fl-9"/>
      </object_component>
      <object_component id="oc-3ab">
         <name>.debug_info</name>
         <load_address>0x3e35</load_address>
         <run_address>0x3e35</run_address>
         <size>0x659</size>
         <input_file_ref idref="fl-a"/>
      </object_component>
      <object_component id="oc-2a0">
         <name>.debug_info</name>
         <load_address>0x448e</load_address>
         <run_address>0x448e</run_address>
         <size>0x2e4c</size>
         <input_file_ref idref="fl-a"/>
      </object_component>
      <object_component id="oc-422">
         <name>.debug_info</name>
         <load_address>0x72da</load_address>
         <run_address>0x72da</run_address>
         <size>0x1cd</size>
         <input_file_ref idref="fl-a"/>
      </object_component>
      <object_component id="oc-3ae">
         <name>.debug_info</name>
         <load_address>0x74a7</load_address>
         <run_address>0x74a7</run_address>
         <size>0x46</size>
         <input_file_ref idref="fl-a"/>
      </object_component>
      <object_component id="oc-136">
         <name>.debug_info</name>
         <load_address>0x74ed</load_address>
         <run_address>0x74ed</run_address>
         <size>0x5aa</size>
         <input_file_ref idref="fl-b"/>
      </object_component>
      <object_component id="oc-93">
         <name>.debug_info</name>
         <load_address>0x7a97</load_address>
         <run_address>0x7a97</run_address>
         <size>0x310</size>
         <input_file_ref idref="fl-b"/>
      </object_component>
      <object_component id="oc-140">
         <name>.debug_info</name>
         <load_address>0x7da7</load_address>
         <run_address>0x7da7</run_address>
         <size>0x10c</size>
         <input_file_ref idref="fl-b"/>
      </object_component>
      <object_component id="oc-15b">
         <name>.debug_info</name>
         <load_address>0x7eb3</load_address>
         <run_address>0x7eb3</run_address>
         <size>0x10c</size>
         <input_file_ref idref="fl-b"/>
      </object_component>
      <object_component id="oc-15e">
         <name>.debug_info</name>
         <load_address>0x7fbf</load_address>
         <run_address>0x7fbf</run_address>
         <size>0x10c</size>
         <input_file_ref idref="fl-b"/>
      </object_component>
      <object_component id="oc-152">
         <name>.debug_info</name>
         <load_address>0x80cb</load_address>
         <run_address>0x80cb</run_address>
         <size>0x14e</size>
         <input_file_ref idref="fl-b"/>
      </object_component>
      <object_component id="oc-14f">
         <name>.debug_info</name>
         <load_address>0x8219</load_address>
         <run_address>0x8219</run_address>
         <size>0x10c</size>
         <input_file_ref idref="fl-b"/>
      </object_component>
      <object_component id="oc-143">
         <name>.debug_info</name>
         <load_address>0x8325</load_address>
         <run_address>0x8325</run_address>
         <size>0x11a</size>
         <input_file_ref idref="fl-b"/>
      </object_component>
      <object_component id="oc-14c">
         <name>.debug_info</name>
         <load_address>0x843f</load_address>
         <run_address>0x843f</run_address>
         <size>0x10e</size>
         <input_file_ref idref="fl-b"/>
      </object_component>
      <object_component id="oc-99">
         <name>.debug_info</name>
         <load_address>0x854d</load_address>
         <run_address>0x854d</run_address>
         <size>0x4eb8</size>
         <input_file_ref idref="fl-b"/>
      </object_component>
      <object_component id="oc-166">
         <name>.debug_info</name>
         <load_address>0xd405</load_address>
         <run_address>0xd405</run_address>
         <size>0x169</size>
         <input_file_ref idref="fl-b"/>
      </object_component>
      <object_component id="oc-2b2">
         <name>.debug_info</name>
         <load_address>0xd56e</load_address>
         <run_address>0xd56e</run_address>
         <size>0x653</size>
         <input_file_ref idref="fl-c"/>
      </object_component>
      <object_component id="oc-2ac">
         <name>.debug_info</name>
         <load_address>0xdbc1</load_address>
         <run_address>0xdbc1</run_address>
         <size>0x10d</size>
         <input_file_ref idref="fl-c"/>
      </object_component>
      <object_component id="oc-2af">
         <name>.debug_info</name>
         <load_address>0xdcce</load_address>
         <run_address>0xdcce</run_address>
         <size>0x10d</size>
         <input_file_ref idref="fl-c"/>
      </object_component>
      <object_component id="oc-2a9">
         <name>.debug_info</name>
         <load_address>0xdddb</load_address>
         <run_address>0xdddb</run_address>
         <size>0x145</size>
         <input_file_ref idref="fl-c"/>
      </object_component>
      <object_component id="oc-2a6">
         <name>.debug_info</name>
         <load_address>0xdf20</load_address>
         <run_address>0xdf20</run_address>
         <size>0x101</size>
         <input_file_ref idref="fl-c"/>
      </object_component>
      <object_component id="oc-146">
         <name>.debug_info</name>
         <load_address>0xe021</load_address>
         <run_address>0xe021</run_address>
         <size>0x1a78</size>
         <input_file_ref idref="fl-c"/>
      </object_component>
      <object_component id="oc-2b3">
         <name>.debug_info</name>
         <load_address>0xfa99</load_address>
         <run_address>0xfa99</run_address>
         <size>0x1ce</size>
         <input_file_ref idref="fl-c"/>
      </object_component>
      <object_component id="oc-a3">
         <name>.debug_info</name>
         <load_address>0xfc67</load_address>
         <run_address>0xfc67</run_address>
         <size>0x21c</size>
         <input_file_ref idref="fl-d"/>
      </object_component>
      <object_component id="oc-96">
         <name>.debug_info</name>
         <load_address>0xfe83</load_address>
         <run_address>0xfe83</run_address>
         <size>0x13a</size>
         <input_file_ref idref="fl-d"/>
      </object_component>
      <object_component id="oc-a0">
         <name>.debug_info</name>
         <load_address>0xffbd</load_address>
         <run_address>0xffbd</run_address>
         <size>0x155</size>
         <input_file_ref idref="fl-d"/>
      </object_component>
      <object_component id="oc-3a">
         <name>.debug_info</name>
         <load_address>0x10112</load_address>
         <run_address>0x10112</run_address>
         <size>0x886</size>
         <input_file_ref idref="fl-d"/>
      </object_component>
      <object_component id="oc-35">
         <name>.debug_info</name>
         <load_address>0x10998</load_address>
         <run_address>0x10998</run_address>
         <size>0x272</size>
         <input_file_ref idref="fl-e"/>
      </object_component>
      <object_component id="oc-241">
         <name>.debug_info</name>
         <load_address>0x10c0a</load_address>
         <run_address>0x10c0a</run_address>
         <size>0x4cf</size>
         <input_file_ref idref="fl-f"/>
      </object_component>
      <object_component id="oc-df">
         <name>.debug_info</name>
         <load_address>0x110d9</load_address>
         <run_address>0x110d9</run_address>
         <size>0x279</size>
         <input_file_ref idref="fl-f"/>
      </object_component>
      <object_component id="oc-272">
         <name>.debug_info</name>
         <load_address>0x11352</load_address>
         <run_address>0x11352</run_address>
         <size>0x364</size>
         <input_file_ref idref="fl-f"/>
      </object_component>
      <object_component id="oc-247">
         <name>.debug_info</name>
         <load_address>0x116b6</load_address>
         <run_address>0x116b6</run_address>
         <size>0x4e6</size>
         <input_file_ref idref="fl-f"/>
      </object_component>
      <object_component id="oc-3ea">
         <name>.debug_info</name>
         <load_address>0x11b9c</load_address>
         <run_address>0x11b9c</run_address>
         <size>0x108</size>
         <input_file_ref idref="fl-f"/>
      </object_component>
      <object_component id="oc-35c">
         <name>.debug_info</name>
         <load_address>0x11ca4</load_address>
         <run_address>0x11ca4</run_address>
         <size>0x16c</size>
         <input_file_ref idref="fl-f"/>
      </object_component>
      <object_component id="oc-37b">
         <name>.debug_info</name>
         <load_address>0x11e10</load_address>
         <run_address>0x11e10</run_address>
         <size>0x278</size>
         <input_file_ref idref="fl-10"/>
      </object_component>
      <object_component id="oc-260">
         <name>.debug_info</name>
         <load_address>0x12088</load_address>
         <run_address>0x12088</run_address>
         <size>0x216</size>
         <input_file_ref idref="fl-10"/>
      </object_component>
      <object_component id="oc-e9">
         <name>.debug_info</name>
         <load_address>0x1229e</load_address>
         <run_address>0x1229e</run_address>
         <size>0x47a</size>
         <input_file_ref idref="fl-11"/>
      </object_component>
      <object_component id="oc-e6">
         <name>.debug_info</name>
         <load_address>0x12718</load_address>
         <run_address>0x12718</run_address>
         <size>0x211</size>
         <input_file_ref idref="fl-11"/>
      </object_component>
      <object_component id="oc-ef">
         <name>.debug_info</name>
         <load_address>0x12929</load_address>
         <run_address>0x12929</run_address>
         <size>0xeb</size>
         <input_file_ref idref="fl-11"/>
      </object_component>
      <object_component id="oc-40">
         <name>.debug_info</name>
         <load_address>0x12a14</load_address>
         <run_address>0x12a14</run_address>
         <size>0x454</size>
         <input_file_ref idref="fl-11"/>
      </object_component>
      <object_component id="oc-380">
         <name>.debug_info</name>
         <load_address>0x12e68</load_address>
         <run_address>0x12e68</run_address>
         <size>0x22c</size>
         <input_file_ref idref="fl-12"/>
      </object_component>
      <object_component id="oc-37d">
         <name>.debug_info</name>
         <load_address>0x13094</load_address>
         <run_address>0x13094</run_address>
         <size>0xf7</size>
         <input_file_ref idref="fl-12"/>
      </object_component>
      <object_component id="oc-266">
         <name>.debug_info</name>
         <load_address>0x1318b</load_address>
         <run_address>0x1318b</run_address>
         <size>0x265</size>
         <input_file_ref idref="fl-12"/>
      </object_component>
      <object_component id="oc-381">
         <name>.debug_info</name>
         <load_address>0x133f0</load_address>
         <run_address>0x133f0</run_address>
         <size>0xb7</size>
         <input_file_ref idref="fl-12"/>
      </object_component>
      <object_component id="oc-387">
         <name>.debug_info</name>
         <load_address>0x134a7</load_address>
         <run_address>0x134a7</run_address>
         <size>0x212</size>
         <input_file_ref idref="fl-13"/>
      </object_component>
      <object_component id="oc-26c">
         <name>.debug_info</name>
         <load_address>0x136b9</load_address>
         <run_address>0x136b9</run_address>
         <size>0x1dc</size>
         <input_file_ref idref="fl-13"/>
      </object_component>
      <object_component id="oc-26">
         <name>.debug_info</name>
         <load_address>0x13895</load_address>
         <run_address>0x13895</run_address>
         <size>0x17c</size>
         <input_file_ref idref="fl-cf"/>
      </object_component>
      <object_component id="oc-53">
         <name>.debug_info</name>
         <load_address>0x13a11</load_address>
         <run_address>0x13a11</run_address>
         <size>0x15c</size>
         <input_file_ref idref="fl-d0"/>
      </object_component>
      <object_component id="oc-14">
         <name>.debug_info</name>
         <load_address>0x13b6d</load_address>
         <run_address>0x13b6d</run_address>
         <size>0x1fb</size>
         <input_file_ref idref="fl-d0"/>
      </object_component>
      <object_component id="oc-4e">
         <name>.debug_info</name>
         <load_address>0x13d68</load_address>
         <run_address>0x13d68</run_address>
         <size>0x46</size>
         <input_file_ref idref="fl-d0"/>
      </object_component>
      <object_component id="oc-ff">
         <name>.debug_info</name>
         <load_address>0x13dae</load_address>
         <run_address>0x13dae</run_address>
         <size>0x2c</size>
         <input_file_ref idref="fl-d0"/>
      </object_component>
      <object_component id="oc-5b">
         <name>.debug_info</name>
         <load_address>0x13dda</load_address>
         <run_address>0x13dda</run_address>
         <size>0x150</size>
         <input_file_ref idref="fl-d1"/>
      </object_component>
      <object_component id="oc-55">
         <name>.debug_info</name>
         <load_address>0x13f2a</load_address>
         <run_address>0x13f2a</run_address>
         <size>0x263</size>
         <input_file_ref idref="fl-d1"/>
      </object_component>
      <object_component id="oc-19">
         <name>.debug_info</name>
         <load_address>0x1418d</load_address>
         <run_address>0x1418d</run_address>
         <size>0x1cd</size>
         <input_file_ref idref="fl-d1"/>
      </object_component>
      <object_component id="oc-5c">
         <name>.debug_info</name>
         <load_address>0x1435a</load_address>
         <run_address>0x1435a</run_address>
         <size>0x39</size>
         <input_file_ref idref="fl-d1"/>
      </object_component>
      <object_component id="oc-109">
         <name>.debug_info</name>
         <load_address>0x14393</load_address>
         <run_address>0x14393</run_address>
         <size>0x2c</size>
         <input_file_ref idref="fl-d1"/>
      </object_component>
      <object_component id="oc-130">
         <name>.debug_info</name>
         <load_address>0x143bf</load_address>
         <run_address>0x143bf</run_address>
         <size>0x250</size>
         <input_file_ref idref="fl-d3"/>
      </object_component>
      <object_component id="oc-12a">
         <name>.debug_info</name>
         <load_address>0x1460f</load_address>
         <run_address>0x1460f</run_address>
         <size>0x1a1</size>
         <input_file_ref idref="fl-d3"/>
      </object_component>
      <object_component id="oc-89">
         <name>.debug_info</name>
         <load_address>0x147b0</load_address>
         <run_address>0x147b0</run_address>
         <size>0x230</size>
         <input_file_ref idref="fl-d3"/>
      </object_component>
      <object_component id="oc-4b">
         <name>.debug_info</name>
         <load_address>0x149e0</load_address>
         <run_address>0x149e0</run_address>
         <size>0x12d</size>
         <input_file_ref idref="fl-d4"/>
      </object_component>
      <object_component id="oc-63">
         <name>.debug_info</name>
         <load_address>0x14b0d</load_address>
         <run_address>0x14b0d</run_address>
         <size>0x15b</size>
         <input_file_ref idref="fl-d5"/>
      </object_component>
      <object_component id="oc-71">
         <name>.debug_info</name>
         <load_address>0x14c68</load_address>
         <run_address>0x14c68</run_address>
         <size>0x154</size>
         <input_file_ref idref="fl-d6"/>
      </object_component>
      <object_component id="oc-75">
         <name>.debug_info</name>
         <load_address>0x14dbc</load_address>
         <run_address>0x14dbc</run_address>
         <size>0x164</size>
         <input_file_ref idref="fl-d7"/>
      </object_component>
      <object_component id="oc-8c">
         <name>.debug_info</name>
         <load_address>0x14f20</load_address>
         <run_address>0x14f20</run_address>
         <size>0x125</size>
         <input_file_ref idref="fl-d8"/>
      </object_component>
      <object_component id="oc-1ee">
         <name>.debug_info</name>
         <load_address>0x15045</load_address>
         <run_address>0x15045</run_address>
         <size>0x156</size>
         <input_file_ref idref="fl-d9"/>
      </object_component>
      <object_component id="oc-289">
         <name>.debug_info</name>
         <load_address>0x1519b</load_address>
         <run_address>0x1519b</run_address>
         <size>0x140</size>
         <input_file_ref idref="fl-da"/>
      </object_component>
      <object_component id="oc-12d">
         <name>.debug_info</name>
         <load_address>0x152db</load_address>
         <run_address>0x152db</run_address>
         <size>0x12f</size>
         <input_file_ref idref="fl-da"/>
      </object_component>
      <object_component id="oc-284">
         <name>.debug_info</name>
         <load_address>0x1540a</load_address>
         <run_address>0x1540a</run_address>
         <size>0x23b</size>
         <input_file_ref idref="fl-da"/>
      </object_component>
      <object_component id="oc-128">
         <name>.debug_info</name>
         <load_address>0x15645</load_address>
         <run_address>0x15645</run_address>
         <size>0x182</size>
         <input_file_ref idref="fl-db"/>
      </object_component>
      <object_component id="oc-82">
         <name>.debug_info</name>
         <load_address>0x157c7</load_address>
         <run_address>0x157c7</run_address>
         <size>0x183</size>
         <input_file_ref idref="fl-db"/>
      </object_component>
      <object_component id="oc-27a">
         <name>.debug_info</name>
         <load_address>0x1594a</load_address>
         <run_address>0x1594a</run_address>
         <size>0x5e</size>
         <input_file_ref idref="fl-db"/>
      </object_component>
      <object_component id="oc-120">
         <name>.debug_info</name>
         <load_address>0x159a8</load_address>
         <run_address>0x159a8</run_address>
         <size>0x305</size>
         <input_file_ref idref="fl-dc"/>
      </object_component>
      <object_component id="oc-7c">
         <name>.debug_info</name>
         <load_address>0x15cad</load_address>
         <run_address>0x15cad</run_address>
         <size>0x1ac</size>
         <input_file_ref idref="fl-dc"/>
      </object_component>
      <object_component id="oc-255">
         <name>.debug_info</name>
         <load_address>0x15e59</load_address>
         <run_address>0x15e59</run_address>
         <size>0x39</size>
         <input_file_ref idref="fl-dc"/>
      </object_component>
      <object_component id="oc-25a">
         <name>.debug_info</name>
         <load_address>0x15e92</load_address>
         <run_address>0x15e92</run_address>
         <size>0xcd</size>
         <input_file_ref idref="fl-dc"/>
      </object_component>
      <object_component id="oc-251">
         <name>.debug_info</name>
         <load_address>0x15f5f</load_address>
         <run_address>0x15f5f</run_address>
         <size>0x1fc</size>
         <input_file_ref idref="fl-dd"/>
      </object_component>
      <object_component id="oc-115">
         <name>.debug_info</name>
         <load_address>0x1615b</load_address>
         <run_address>0x1615b</run_address>
         <size>0x19f</size>
         <input_file_ref idref="fl-dd"/>
      </object_component>
      <object_component id="oc-363">
         <name>.debug_info</name>
         <load_address>0x162fa</load_address>
         <run_address>0x162fa</run_address>
         <size>0x2c</size>
         <input_file_ref idref="fl-dd"/>
      </object_component>
      <object_component id="oc-30b">
         <name>.debug_info</name>
         <load_address>0x16326</load_address>
         <run_address>0x16326</run_address>
         <size>0x163</size>
         <input_file_ref idref="fl-de"/>
      </object_component>
      <object_component id="oc-11b">
         <name>.debug_info</name>
         <load_address>0x16489</load_address>
         <run_address>0x16489</run_address>
         <size>0x161</size>
         <input_file_ref idref="fl-df"/>
      </object_component>
      <object_component id="oc-206">
         <name>.debug_info</name>
         <load_address>0x165ea</load_address>
         <run_address>0x165ea</run_address>
         <size>0x230</size>
         <input_file_ref idref="fl-e0"/>
      </object_component>
      <object_component id="oc-203">
         <name>.debug_info</name>
         <load_address>0x1681a</load_address>
         <run_address>0x1681a</run_address>
         <size>0x15b</size>
         <input_file_ref idref="fl-e0"/>
      </object_component>
      <object_component id="oc-375">
         <name>.debug_info</name>
         <load_address>0x16975</load_address>
         <run_address>0x16975</run_address>
         <size>0x2a3</size>
         <input_file_ref idref="fl-e0"/>
      </object_component>
      <object_component id="oc-208">
         <name>.debug_info</name>
         <load_address>0x16c18</load_address>
         <run_address>0x16c18</run_address>
         <size>0x2b3</size>
         <input_file_ref idref="fl-e0"/>
      </object_component>
      <object_component id="oc-20e">
         <name>.debug_info</name>
         <load_address>0x16ecb</load_address>
         <run_address>0x16ecb</run_address>
         <size>0x316</size>
         <input_file_ref idref="fl-e0"/>
      </object_component>
      <object_component id="oc-21c">
         <name>.debug_info</name>
         <load_address>0x171e1</load_address>
         <run_address>0x171e1</run_address>
         <size>0x27b</size>
         <input_file_ref idref="fl-e0"/>
      </object_component>
      <object_component id="oc-c7">
         <name>.debug_info</name>
         <load_address>0x1745c</load_address>
         <run_address>0x1745c</run_address>
         <size>0x27f</size>
         <input_file_ref idref="fl-e0"/>
      </object_component>
      <object_component id="oc-cd">
         <name>.debug_info</name>
         <load_address>0x176db</load_address>
         <run_address>0x176db</run_address>
         <size>0x279</size>
         <input_file_ref idref="fl-e0"/>
      </object_component>
      <object_component id="oc-369">
         <name>.debug_info</name>
         <load_address>0x17954</load_address>
         <run_address>0x17954</run_address>
         <size>0x2b7</size>
         <input_file_ref idref="fl-e0"/>
      </object_component>
      <object_component id="oc-372">
         <name>.debug_info</name>
         <load_address>0x17c0b</load_address>
         <run_address>0x17c0b</run_address>
         <size>0x27b</size>
         <input_file_ref idref="fl-e0"/>
      </object_component>
      <object_component id="oc-c4">
         <name>.debug_info</name>
         <load_address>0x17e86</load_address>
         <run_address>0x17e86</run_address>
         <size>0x280</size>
         <input_file_ref idref="fl-e0"/>
      </object_component>
      <object_component id="oc-345">
         <name>.debug_info</name>
         <load_address>0x18106</load_address>
         <run_address>0x18106</run_address>
         <size>0x20e</size>
         <input_file_ref idref="fl-e1"/>
      </object_component>
      <object_component id="oc-342">
         <name>.debug_info</name>
         <load_address>0x18314</load_address>
         <run_address>0x18314</run_address>
         <size>0x210</size>
         <input_file_ref idref="fl-e1"/>
      </object_component>
      <object_component id="oc-354">
         <name>.debug_info</name>
         <load_address>0x18524</load_address>
         <run_address>0x18524</run_address>
         <size>0x26a</size>
         <input_file_ref idref="fl-e1"/>
      </object_component>
      <object_component id="oc-348">
         <name>.debug_info</name>
         <load_address>0x1878e</load_address>
         <run_address>0x1878e</run_address>
         <size>0x2a1</size>
         <input_file_ref idref="fl-e1"/>
      </object_component>
      <object_component id="oc-22f">
         <name>.debug_info</name>
         <load_address>0x18a2f</load_address>
         <run_address>0x18a2f</run_address>
         <size>0x268</size>
         <input_file_ref idref="fl-e1"/>
      </object_component>
      <object_component id="oc-34e">
         <name>.debug_info</name>
         <load_address>0x18c97</load_address>
         <run_address>0x18c97</run_address>
         <size>0x26a</size>
         <input_file_ref idref="fl-e1"/>
      </object_component>
      <object_component id="oc-201">
         <name>.debug_info</name>
         <load_address>0x18f01</load_address>
         <run_address>0x18f01</run_address>
         <size>0x298</size>
         <input_file_ref idref="fl-e2"/>
      </object_component>
      <object_component id="oc-32f">
         <name>.debug_info</name>
         <load_address>0x19199</load_address>
         <run_address>0x19199</run_address>
         <size>0x14d</size>
         <input_file_ref idref="fl-e2"/>
      </object_component>
      <object_component id="oc-332">
         <name>.debug_info</name>
         <load_address>0x192e6</load_address>
[...]
      </symbol>
      <symbol id="sm-440">
         <name>xTaskGetCurrentTaskHandle</name>
         <value>0x12a7</value>
         <object_component_ref idref="oc-98"/>
      </symbol>
      <symbol id="sm-441">
         <name>vTaskPlaceOnUnorderedEventList</name>
         <value>0xc35</value>
         <object_component_ref idref="oc-98"/>
      </symbol>
      <symbol id="sm-442">
         <name>xTaskRemoveFromEventList</name>
         <value>0xd15</value>
         <object_component_ref idref="oc-98"/>
      </symbol>
      <symbol id="sm-4c6">
         <name>xTimerCreateTimerTask</name>
         <value>0x22cd</value>
         <object_component_ref idref="oc-145"/>
      </symbol>
      <symbol id="sm-4c7">
         <name>pcTimerGetTimerName</name>
         <value>0x23c9</value>
         <object_component_ref idref="oc-145"/>
      </symbol>
      <symbol id="sm-4c8">
         <name>xTimerIsTimerActive</name>
         <value>0x2789</value>
         <object_component_ref idref="oc-145"/>
      </symbol>
      <symbol id="sm-4c9">
         <name>xTimerCreate</name>
         <value>0x2307</value>
         <object_component_ref idref="oc-145"/>
      </symbol>
      <symbol id="sm-4ca">
         <name>xTimerGenericCommand</name>
         <value>0x235b</value>
         <object_component_ref idref="oc-145"/>
      </symbol>
      <symbol id="sm-4cb">
         <name>pvTimerGetTimerID</name>
         <value>0x27b5</value>
         <object_component_ref idref="oc-145"/>
      </symbol>
      <symbol id="sm-4cc">
         <name>vTimerSetTimerID</name>
         <value>0x27cf</value>
         <object_component_ref idref="oc-145"/>
      </symbol>
      <symbol id="sm-4fd">
         <name>ulMaxSyscallInterruptPriority</name>
         <value>0x4e4c</value>
         <object_component_ref idref="oc-95"/>
      </symbol>
      <symbol id="sm-4fe">
         <name>vPortSetupTimerInterrupt</name>
         <value>0x3417</value>
         <object_component_ref idref="oc-39"/>
      </symbol>
      <symbol id="sm-4ff">
         <name>vPortEndScheduler</name>
         <value>0x33b1</value>
         <object_component_ref idref="oc-39"/>
      </symbol>
      <symbol id="sm-500">
         <name>xPortSysTickCount</name>
         <value>0x2000cfc4</value>
         <object_component_ref idref="oc-9f"/>
      </symbol>
      <symbol id="sm-501">
         <name>xPortSysTickHandler</name>
         <value>0x33e9</value>
         <object_component_ref idref="oc-39"/>
      </symbol>
      <symbol id="sm-502">
         <name>pxPortInitialiseStack</name>
         <value>0x3315</value>
         <object_component_ref idref="oc-39"/>
      </symbol>
      <symbol id="sm-503">
         <name>vPortExitCritical</name>
         <value>0x33d3</value>
         <object_component_ref idref="oc-39"/>
      </symbol>
      <symbol id="sm-504">
         <name>xPortStartScheduler</name>
         <value>0x337b</value>
         <object_component_ref idref="oc-39"/>
      </symbol>
      <symbol id="sm-505">
         <name>vPortEnterCritical</name>
         <value>0x33b3</value>
         <object_component_ref idref="oc-39"/>
      </symbol>
      <symbol id="sm-514">
         <name>vPortStartFirstTask</name>
         <value>0x3b2d</value>
         <object_component_ref idref="oc-34"/>
      </symbol>
      <symbol id="sm-515">
         <name>ulPortGetIPSR</name>
         <value>0x3a95</value>
         <object_component_ref idref="oc-34"/>
      </symbol>
      <symbol id="sm-516">
         <name>vPortEnableVFP</name>
         <value>0x3b49</value>
         <object_component_ref idref="oc-34"/>
      </symbol>
      <symbol id="sm-517">
         <name>xPortPendSVHandler</name>
         <value>0x3aad</value>
         <object_component_ref idref="oc-34"/>
      </symbol>
      <symbol id="sm-518">
         <name>vPortSVCHandler</name>
         <value>0x3b0d</value>
         <object_component_ref idref="oc-34"/>
      </symbol>
      <symbol id="sm-54e">
         <name>fMagneto</name>
         <value>0x2000c710</value>
      </symbol>
      <symbol id="sm-54f">
         <name>sMPU9150</name>
         <value>0x2000c574</value>
      </symbol>
      <symbol id="sm-550">
         <name>g_bMPU9150Done</name>
         <value>0x2000c73c</value>
      </symbol>
      <symbol id="sm-551">
         <name>MPU9150Callback</name>
         <value>0x36a5</value>
         <object_component_ref idref="oc-271"/>
      </symbol>
      <symbol id="sm-552">
         <name>I2CMWrite</name>
         <value>0x4815</value>
         <object_component_ref idref="oc-de"/>
      </symbol>
      <symbol id="sm-553">
         <name>Task_Magnetometer</name>
         <value>0x36bf</value>
         <object_component_ref idref="oc-271"/>
      </symbol>
      <symbol id="sm-564">
         <name>Task_Blink_LED_D1</name>
         <value>0x4409</value>
         <object_component_ref idref="oc-25f"/>
      </symbol>
      <symbol id="sm-59e">
         <name>I2C7_Instance</name>
         <value>0x2000c350</value>
      </symbol>
      <symbol id="sm-59f">
         <name>I2C7_Interrupts_Nbr</name>
         <value>0x2000cf70</value>
         <object_component_ref idref="oc-e5"/>
      </symbol>
      <symbol id="sm-5a0">
         <name>I2C7_Initialization</name>
         <value>0x320d</value>
         <object_component_ref idref="oc-3f"/>
      </symbol>
      <symbol id="sm-5a1">
         <name>I2C7_Callbacks_Nbr</name>
         <value>0x2000cf74</value>
         <object_component_ref idref="oc-e5"/>
      </symbol>
      <symbol id="sm-5a2">
         <name>Task_I2C7_Handler</name>
         <value>0x3293</value>
         <object_component_ref idref="oc-3f"/>
      </symbol>
      <symbol id="sm-5a3">
         <name>I2C7_Status</name>
         <value>0x2000cf80</value>
         <object_component_ref idref="oc-e5"/>
      </symbol>
      <symbol id="sm-5a4">
         <name>I2C7_SimpleDone</name>
         <value>0x2000cf88</value>
         <object_component_ref idref="oc-e5"/>
      </symbol>
      <symbol id="sm-5a5">
         <name>I2C7_Instance_Ref</name>
         <value>0x2000cf78</value>
         <object_component_ref idref="oc-e5"/>
      </symbol>
      <symbol id="sm-5a6">
         <name>I2C7_HWStatus</name>
         <value>0x2000cf84</value>
         <object_component_ref idref="oc-e5"/>
      </symbol>
      <symbol id="sm-5a7">
         <name>I2CMSimpleCallback</name>
         <value>0x31eb</value>
         <object_component_ref idref="oc-3f"/>
      </symbol>
      <symbol id="sm-5a8">
         <name>I2C7WriteData</name>
         <value>0x2000cfb0</value>
         <object_component_ref idref="oc-ee"/>
      </symbol>
      <symbol id="sm-5a9">
         <name>I2C7_Initialized</name>
         <value>0x2000cf7c</value>
         <object_component_ref idref="oc-e5"/>
      </symbol>
      <symbol id="sm-5aa">
         <name>I2C7_IntServiceRoutine</name>
         <value>0x31d9</value>
         <object_component_ref idref="oc-3f"/>
      </symbol>
      <symbol id="sm-5cb">
         <name>ReportData_Queue</name>
         <value>0x2000cfd8</value>
         <object_component_ref idref="oc-37c"/>
      </symbol>
      <symbol id="sm-5cc">
         <name>Task_ReportData</name>
         <value>0x3b59</value>
         <object_component_ref idref="oc-265"/>
      </symbol>
      <symbol id="sm-5dd">
         <name>Task_ReportTime</name>
         <value>0x46a1</value>
         <object_component_ref idref="oc-26b"/>
      </symbol>
      <symbol id="sm-5ee">
         <name>_c_int00</name>
         <value>0x4311</value>
         <object_component_ref idref="oc-24"/>
      </symbol>
      <symbol id="sm-5ef">
         <name>__stack</name>
         <value>0x2000c740</value>
         <object_component_ref idref="oc-2a"/>
      </symbol>
      <symbol id="sm-606">
         <name>__TI_decompress_none</name>
         <value>0x4a47</value>
         <object_component_ref idref="oc-12"/>
      </symbol>
      <symbol id="sm-62e">
         <name>__TI_decompress_rle24</name>
         <value>0x4ab5</value>
         <object_component_ref idref="oc-18"/>
      </symbol>
      <symbol id="sm-650">
         <name>C$$EXIT</name>
         <value>0x4365</value>
         <object_component_ref idref="oc-85"/>
      </symbol>
      <symbol id="sm-651">
         <name>abort</name>
         <value>0x4369</value>
         <object_component_ref idref="oc-85"/>
      </symbol>
      <symbol id="sm-652">
         <name>exit</name>
         <value>0x4371</value>
         <object_component_ref idref="oc-85"/>
      </symbol>
      <symbol id="sm-653">
         <name>__TI_dtors_ptr</name>
         <value>0x2000cfa0</value>
         <object_component_ref idref="oc-129"/>
      </symbol>
      <symbol id="sm-654">
         <name>__TI_cleanup_ptr</name>
         <value>0x2000cf9c</value>
         <object_component_ref idref="oc-129"/>
      </symbol>
      <symbol id="sm-655">
         <name>__TI_enable_exit_profile_output</name>
         <value>0x2000cfa4</value>
         <object_component_ref idref="oc-129"/>
      </symbol>
      <symbol id="sm-670">
         <name>memcpy</name>
         <value>0x3c95</value>
         <object_component_ref idref="oc-48"/>
      </symbol>
      <symbol id="sm-671">
         <name>__aeabi_memcpy</name>
         <value>0x3c95</value>
         <object_component_ref idref="oc-48"/>
      </symbol>
      <symbol id="sm-672">
         <name>__aeabi_memcpy8</name>
         <value>0x3c95</value>
         <object_component_ref idref="oc-48"/>
      </symbol>
      <symbol id="sm-673">
         <name>__aeabi_memcpy4</name>
         <value>0x3c95</value>
         <object_component_ref idref="oc-48"/>
      </symbol>
      <symbol id="sm-682">
         <name>__aeabi_memset</name>
         <value>0x3eeb</value>
         <object_component_ref idref="oc-61"/>
      </symbol>
      <symbol id="sm-683">
         <name>memset</name>
         <value>0x3ef1</value>
         <object_component_ref idref="oc-61"/>
      </symbol>
      <symbol id="sm-684">
         <name>__aeabi_memset8</name>
         <value>0x3eeb</value>
         <object_component_ref idref="oc-61"/>
      </symbol>
      <symbol id="sm-685">
         <name>__aeabi_memset4</name>
         <value>0x3eeb</value>
         <object_component_ref idref="oc-61"/>
      </symbol>
      <symbol id="sm-686">
         <name>__aeabi_memclr8</name>
         <value>0x3ee9</value>
         <object_component_ref idref="oc-61"/>
      </symbol>
      <symbol id="sm-687">
         <name>__aeabi_memclr4</name>
         <value>0x3ee9</value>
         <object_component_ref idref="oc-61"/>
      </symbol>
      <symbol id="sm-688">
         <name>__aeabi_memclr</name>
         <value>0x3ee9</value>
         <object_component_ref idref="oc-61"/>
      </symbol>
      <symbol id="sm-692">
         <name>__mpu_init</name>
         <value>0x3b57</value>
         <object_component_ref idref="oc-6d"/>
      </symbol>
      <symbol id="sm-69c">
         <name>_system_pre_init</name>
         <value>0x4ac7</value>
         <object_component_ref idref="oc-73"/>
      </symbol>
      <symbol id="sm-6a4">
         <name>main_func_sp</name>
         <value>0x2000cfdc</value>
         <object_component_ref idref="oc-8b"/>
      </symbol>
      <symbol id="sm-6b3">
         <name>__aeabi_uidivmod</name>
         <value>0x4727</value>
         <object_component_ref idref="oc-1ec"/>
      </symbol>
      <symbol id="sm-6b4">
         <name>__aeabi_uidiv</name>
         <value>0x4727</value>
         <object_component_ref idref="oc-1ec"/>
      </symbol>
      <symbol id="sm-6cd">
         <name>_nop</name>
         <value>0x4a0b</value>
         <object_component_ref idref="oc-281"/>
      </symbol>
      <symbol id="sm-6ce">
         <name>_lock</name>
         <value>0x2000cfa8</value>
         <object_component_ref idref="oc-12c"/>
      </symbol>
      <symbol id="sm-6cf">
         <name>_unlock</name>
         <value>0x2000cfac</value>
         <object_component_ref idref="oc-12c"/>
      </symbol>
      <symbol id="sm-6d0">
         <name>_register_lock</name>
         <value>0x4a03</value>
         <object_component_ref idref="oc-281"/>
      </symbol>
      <symbol id="sm-6d1">
         <name>_register_unlock</name>
         <value>0x49fd</value>
         <object_component_ref idref="oc-281"/>
      </symbol>
      <symbol id="sm-6e5">
         <name>_args_main</name>
         <value>0x49d1</value>
         <object_component_ref idref="oc-7f"/>
      </symbol>
      <symbol id="sm-70a">
         <name>__TI_auto_init</name>
         <value>0x3f65</value>
         <object_component_ref idref="oc-79"/>
      </symbol>
      <symbol id="sm-724">
         <name>copy_in</name>
         <value>0x44a5</value>
         <object_component_ref idref="oc-113"/>
      </symbol>
      <symbol id="sm-72e">
         <name>__aeabi_idiv0</name>
         <value>0x399b</value>
         <object_component_ref idref="oc-309"/>
      </symbol>
      <symbol id="sm-738">
         <name>_system_post_cinit</name>
         <value>0x3f63</value>
         <object_component_ref idref="oc-119"/>
      </symbol>
      <symbol id="sm-792">
         <name>GPIOPinConfigure</name>
         <value>0x453d</value>
         <object_component_ref idref="oc-c0"/>
      </symbol>
      <symbol id="sm-793">
         <name>GPIOPinTypeI2CSCL</name>
         <value>0x4a23</value>
         <object_component_ref idref="oc-c6"/>
      </symbol>
      <symbol id="sm-794">
         <name>GPIOPinTypeI2C</name>
         <value>0x4a11</value>
         <object_component_ref idref="oc-cc"/>
      </symbol>
      <symbol id="sm-795">
         <name>GPIOPinTypeUART</name>
         <value>0x4a35</value>
         <object_component_ref idref="oc-21b"/>
      </symbol>
      <symbol id="sm-796">
         <name>GPIOPinTypeGPIOOutput</name>
         <value>0x49b7</value>
         <object_component_ref idref="oc-368"/>
      </symbol>
      <symbol id="sm-797">
         <name>GPIOPinRead</name>
         <value>0x4aa3</value>
         <object_component_ref idref="oc-36e"/>
      </symbol>
      <symbol id="sm-798">
         <name>GPIODirModeSet</name>
         <value>0x48e9</value>
         <object_component_ref idref="oc-207"/>
      </symbol>
      <symbol id="sm-799">
         <name>GPIOPinWrite</name>
         <value>0x4aa9</value>
         <object_component_ref idref="oc-374"/>
      </symbol>
      <symbol id="sm-79a">
         <name>GPIOPadConfigSet</name>
         <value>0x3449</value>
         <object_component_ref idref="oc-20d"/>
      </symbol>
      <symbol id="sm-7ef">
         <name>IntIsEnabled</name>
         <value>0x41ed</value>
         <object_component_ref idref="oc-347"/>
      </symbol>
      <symbol id="sm-7f0">
         <name>IntEnable</name>
         <value>0x4185</value>
         <object_component_ref idref="oc-22e"/>
      </symbol>
      <symbol id="sm-7f1">
         <name>IntTrigger</name>
         <value>0x4a61</value>
         <object_component_ref idref="oc-353"/>
      </symbol>
      <symbol id="sm-7f2">
         <name>IntDisable</name>
         <value>0x411d</value>
         <object_component_ref idref="oc-34d"/>
      </symbol>
      <symbol id="sm-86a">
         <name>SysCtlPeripheralPresent</name>
         <value>0x47a5</value>
         <object_component_ref idref="oc-1c5"/>
      </symbol>
      <symbol id="sm-86b">
         <name>SysCtlPeripheralEnable</name>
         <value>0x48b5</value>
         <object_component_ref idref="oc-ba"/>
      </symbol>
      <symbol id="sm-86c">
         <name>SysCtlClockFreqSet</name>
         <value>0x2ca1</value>
         <object_component_ref idref="oc-215"/>
      </symbol>
      <symbol id="sm-8a7">
         <name>UARTConfigSetExpClk</name>
         <value>0x4615</value>
         <object_component_ref idref="oc-1cb"/>
      </symbol>
      <symbol id="sm-8a8">
         <name>UARTDisable</name>
         <value>0x495d</value>
         <object_component_ref idref="oc-2f8"/>
      </symbol>
      <symbol id="sm-8a9">
         <name>UARTClockSourceSet</name>
         <value>0x4aaf</value>
         <object_component_ref idref="oc-221"/>
      </symbol>
      <symbol id="sm-8aa">
         <name>UARTCharPut</name>
         <value>0x4a81</value>
         <object_component_ref idref="oc-1d7"/>
      </symbol>
      <symbol id="sm-8ab">
         <name>UARTEnable</name>
         <value>0x49e9</value>
         <object_component_ref idref="oc-1d1"/>
      </symbol>
      <symbol id="sm-8ac">
         <name>UARTCharGet</name>
         <value>0x4a77</value>
         <object_component_ref idref="oc-1dd"/>
      </symbol>
      <symbol id="sm-960">
         <name>I2CMCommand</name>
         <value>0x3e61</value>
         <object_component_ref idref="oc-23b"/>
      </symbol>
      <symbol id="sm-961">
         <name>I2CMInit</name>
         <value>0x4881</value>
         <object_component_ref idref="oc-d8"/>
      </symbol>
      <symbol id="sm-962">
         <name>I2CMIntHandler</name>
         <value>0x38a9</value>
         <object_component_ref idref="oc-ae"/>
      </symbol>
      <symbol id="sm-9b8">
         <name>MPU9150DataMagnetoGetFloat</name>
         <value>0x3bf9</value>
         <object_component_ref idref="oc-394"/>
      </symbol>
      <symbol id="sm-9b9">
         <name>MPU9150DataMagnetoGetRaw</name>
         <value>0x484b</value>
         <object_component_ref idref="oc-39a"/>
      </symbol>
      <symbol id="sm-9ba">
         <name>MPU9150Init</name>
         <value>0x4045</value>
         <object_component_ref idref="oc-388"/>
      </symbol>
      <symbol id="sm-9bb">
         <name>MPU9150DataRead</name>
         <value>0x4251</value>
         <object_component_ref idref="oc-38e"/>
      </symbol>
      <symbol id="sm-9c6">
         <name>__aeabi_dmul</name>
         <value>0x37ad</value>
         <object_component_ref idref="oc-408"/>
      </symbol>
      <symbol id="sm-9d2">
         <name>__aeabi_d2f</name>
         <value>0x3fd5</value>
         <object_component_ref idref="oc-40d"/>
      </symbol>
      <symbol id="sm-9dd">
         <name>__aeabi_f2d</name>
         <value>0x47dd</value>
         <object_component_ref idref="oc-403"/>
      </symbol>
      <symbol id="sm-a26">
         <name>I2CMasterDataPut</name>
         <value>0x4ac3</value>
         <object_component_ref idref="oc-2eb"/>
      </symbol>
      <symbol id="sm-a27">
         <name>I2CMasterInitExpClk</name>
         <value>0x4459</value>
         <object_component_ref idref="oc-228"/>
      </symbol>
      <symbol id="sm-a28">
         <name>I2CMasterSlaveAddrSet</name>
         <value>0x4a9b</value>
         <object_component_ref idref="oc-2e3"/>
      </symbol>
      <symbol id="sm-a29">
         <name>I2CMasterDataGet</name>
         <value>0x4abf</value>
         <object_component_ref idref="oc-2d9"/>
      </symbol>
      <symbol id="sm-a2a">
         <name>I2CMasterIntEnableEx</name>
         <value>0x4a93</value>
         <object_component_ref idref="oc-234"/>
      </symbol>
      <symbol id="sm-a2b">
         <name>I2CMasterControl</name>
         <value>0x4abb</value>
         <object_component_ref idref="oc-17b"/>
      </symbol>
      <symbol id="sm-a2c">
         <name>I2CMasterEnable</name>
         <value>0x4a6d</value>
         <object_component_ref idref="oc-33a"/>
      </symbol>
      <symbol id="sm-a2d">
         <name>I2CMasterIntClear</name>
         <value>0x4a8b</value>
         <object_component_ref idref="oc-175"/>
      </symbol>
      <symbol id="sm-a2e">
         <name>__TI_static_base__</name>
         <value>0x0</value>
      </symbol>
      <symbol id="sm-a31">
         <name>SHT$$INIT_ARRAY$$Limit</name>
         <value>0x0</value>
      </symbol>
      <symbol id="sm-a32">
         <name>SHT$$INIT_ARRAY$$Base</name>
         <value>0x0</value>
      </symbol>
   </symbol_table>
   <title>Link successful</title>
</link_info>
