******************************************************************************
                  TI ARM Linker PC v15.12.1                    
******************************************************************************
>> Linked Tue Oct 04 13:55:37 2016

OUTPUT FILE NAME:   <Proj2_Magnetometer.out>
ENTRY POINT SYMBOL: "_c_int00"  address: 00004311


MEMORY CONFIGURATION

         name            origin    length      used     unused   attr    fill
----------------------  --------  ---------  --------  --------  ----  --------
  FLASH                 00000000   00100000  00004eae  000fb152  R  X
  SRAM                  20000000   00040000  0000cfdd  00033023  RW X


SEGMENT ALLOCATION MAP

run origin  load origin   length   init length attrs members
----------  ----------- ---------- ----------- ----- -------
00000000    00000000    00004eb4   00004eb4    r-x
  00000000    00000000    00000200   00000200    r-- .intvecs
  00000200    00000200    000048ca   000048ca    r-x .text
  00004acc    00004acc    00000388   00000388    r-- .const
  00004e58    00004e58    0000005c   0000005c    r-- .cinit
20000000    20000000    0000cfe0   00000000    rw-
  20000000    20000000    0000c73d   00000000    rw- .bss
  2000c740    2000c740    00000800   00000000    rw- .stack
  2000cf40    2000cf40    000000a0   00000000    rw- .data


SECTION ALLOCATION MAP

 output                                  attributes/
section   page    origin      length       input sections
--------  ----  ----------  ----------   ----------------
.intvecs   0    00000000    00000200     
                  00000000    00000200     FreeRTOS_TM4C1294_Base_Startup.obj (.intvecs)

.text      0    00000200    000048ca     
                  00000200    00001720     tasks.obj (.text)
                  00001920    000009ac     queue.obj (.text)
                  000022cc    00000538     timers.obj (.text)
                  00002804    0000049c     uartstdio.obj (.text)
                  00002ca0    000001ec     driverlib.lib : sysctl.obj (.text:SysCtlClockFreqSet)
                  00002e8c    000001b8     heap_2.obj (.text)
                  00003044    00000194     sensorlib.lib : mpu9150.obj (.text:MPU9150Callback)
                  000031d8    0000013c     Task_I2C7_Handler.obj (.text)
                  00003314    00000134     port.obj (.text)
                  00003448    00000132     driverlib.lib : gpio.obj (.text:GPIOPadConfigSet)
                  0000357a    0000012a     list.obj (.text)
                  000036a4    00000108     Magnetometer.obj (.text)
                  000037ac    000000fc     rtsv7M4_T_le_v4SPD16_eabi.lib : fd_mul_t2.obj (.text)
                  000038a8    000000f2     sensorlib.lib : i2cm_drv.obj (.text:I2CMIntHandler)
                  0000399a    00000002     rtsv7M4_T_le_v4SPD16_eabi.lib : i_div0.obj (.text)
                  0000399c    000000e8     Main_Base.obj (.text)
                  00003a84    000000d2     portasm.obj (.text)
                  00003b56    00000002     rtsv7M4_T_le_v4SPD16_eabi.lib : mpu_init.obj (.text)
                  00003b58    000000a0     Task_ReportData.obj (.text)
                  00003bf8    0000009c     sensorlib.lib : mpu9150.obj (.text:MPU9150DataMagnetoGetFloat)
                  00003c94    0000009c     rtsv7M4_T_le_v4SPD16_eabi.lib : memcpy_t2.obj (.text)
                  00003d30    00000098     sensorlib.lib : i2cm_drv.obj (.text:I2CMStateIdle)
                  00003dc8    00000098     Processor_Initialization_TM4C1294.obj (.text)
                  00003e60    00000088     sensorlib.lib : i2cm_drv.obj (.text:I2CMCommand)
                  00003ee8    0000007a     rtsv7M4_T_le_v4SPD16_eabi.lib : memset_t2.obj (.text)
                  00003f62    00000002                                   : startup.obj (.text)
                  00003f64    00000070                                   : autoinit.obj (.text)
                  00003fd4    0000006e                                   : fd_tos_t2.obj (.text)
                  00004042    00000002     --HOLE-- [fill = 0]
                  00004044    0000006c     sensorlib.lib : mpu9150.obj (.text:MPU9150Init)
                  000040b0    0000006a     rtsv7M4_T_le_v4SPD16_eabi.lib : copy_decompress_rle.obj (.text)
                  0000411a    00000002     --HOLE-- [fill = 0]
                  0000411c    00000068     driverlib.lib : interrupt.obj (.text:IntDisable)
                  00004184    00000068                   : interrupt.obj (.text:IntEnable)
                  000041ec    00000064                   : interrupt.obj (.text:IntIsEnabled)
                  00004250    00000060     sensorlib.lib : mpu9150.obj (.text:MPU9150DataRead)
                  000042b0    0000005e                   : i2cm_drv.obj (.text:I2CMStateWritePause)
                  0000430e    00000002     --HOLE-- [fill = 0]
                  00004310    00000054     rtsv7M4_T_le_v4SPD16_eabi.lib : boot.obj (.text)
                  00004364    00000054                                   : exit.obj (.text)
                  000043b8    00000050     sensorlib.lib : i2cm_drv.obj (.text:I2CMStateWriteFinal)
                  00004408    00000050     Task_Blinky.obj (.text)
                  00004458    0000004c     driverlib.lib : i2c.obj (.text:I2CMasterInitExpClk)
                  000044a4    0000004c     rtsv7M4_T_le_v4SPD16_eabi.lib : cpy_tbl.obj (.text)
                  000044f0    0000004a     sensorlib.lib : i2cm_drv.obj (.text:I2CMStateReadNext)
                  0000453a    00000002     --HOLE-- [fill = 0]
                  0000453c    00000048     driverlib.lib : gpio.obj (.text:GPIOPinConfigure)
                  00004584    00000048     sensorlib.lib : i2cm_drv.obj (.text:I2CMStateWriteNext)
                  000045cc    00000048     driverlib.lib : sysctl.obj (.text:_SysCtlFrequencyGet)
                  00004614    00000046                   : uart.obj (.text:UARTConfigSetExpClk)
                  0000465a    00000044     sensorlib.lib : i2cm_drv.obj (.text:I2CMStateCallback)
                  0000469e    00000002     --HOLE-- [fill = 0]
                  000046a0    00000044     Task_ReportTime.obj (.text)
                  000046e4    00000042     sensorlib.lib : i2cm_drv.obj (.text:I2CMStateReadFinal)
                  00004726    00000040     rtsv7M4_T_le_v4SPD16_eabi.lib : u_divt2.obj (.text)
                  00004766    0000003e     sensorlib.lib : i2cm_drv.obj (.text:I2CMStateReadPause)
                  000047a4    00000038     driverlib.lib : sysctl.obj (.text:SysCtlPeripheralPresent)
                  000047dc    00000038     rtsv7M4_T_le_v4SPD16_eabi.lib : fs_tod_t2.obj (.text)
                  00004814    00000036     Magnetometer.obj (.text:I2CMWrite)
                  0000484a    00000036     sensorlib.lib : mpu9150.obj (.text:MPU9150DataMagnetoGetRaw)
                  00004880    00000034                   : i2cm_drv.obj (.text:I2CMInit)
                  000048b4    00000034     driverlib.lib : sysctl.obj (.text:SysCtlPeripheralEnable)
                  000048e8    0000002a                   : gpio.obj (.text:GPIODirModeSet)
                  00004912    0000002a     sensorlib.lib : i2cm_drv.obj (.text:I2CMStateReadFirst)
                  0000493c    00000020                   : i2cm_drv.obj (.text:I2CMStateReadOne)
                  0000495c    00000020     driverlib.lib : uart.obj (.text:UARTDisable)
                  0000497c    00000020                   : sysctl.obj (.text:_SysCtlMemTimingGet)
                  0000499c    0000001a     sensorlib.lib : i2cm_drv.obj (.text:I2CMStateReadWait)
                  000049b6    00000018     driverlib.lib : gpio.obj (.text:GPIOPinTypeGPIOOutput)
                  000049ce    00000002     --HOLE-- [fill = 0]
                  000049d0    00000018     rtsv7M4_T_le_v4SPD16_eabi.lib : args_main.obj (.text)
                  000049e8    00000014     driverlib.lib : uart.obj (.text:UARTEnable)
                  000049fc    00000014     rtsv7M4_T_le_v4SPD16_eabi.lib : _lock.obj (.text)
                  00004a10    00000012     driverlib.lib : gpio.obj (.text:GPIOPinTypeI2C)
                  00004a22    00000012                   : gpio.obj (.text:GPIOPinTypeI2CSCL)
                  00004a34    00000012                   : gpio.obj (.text:GPIOPinTypeUART)
                  00004a46    0000000e     rtsv7M4_T_le_v4SPD16_eabi.lib : copy_decompress_none.obj (.text:decompress:none)
                  00004a54    0000000c     FreeRTOS_TM4C1294_Base_Startup.obj (.text)
                  00004a60    0000000c     driverlib.lib : interrupt.obj (.text:IntTrigger)
                  00004a6c    0000000a                   : i2c.obj (.text:I2CMasterEnable)
                  00004a76    0000000a                   : uart.obj (.text:UARTCharGet)
                  00004a80    0000000a                   : uart.obj (.text:UARTCharPut)
                  00004a8a    00000008                   : i2c.obj (.text:I2CMasterIntClear)
                  00004a92    00000008                   : i2c.obj (.text:I2CMasterIntEnableEx)
                  00004a9a    00000008                   : i2c.obj (.text:I2CMasterSlaveAddrSet)
                  00004aa2    00000006                   : gpio.obj (.text:GPIOPinRead)
                  00004aa8    00000006                   : gpio.obj (.text:GPIOPinWrite)
                  00004aae    00000006                   : uart.obj (.text:UARTClockSourceSet)
                  00004ab4    00000006     rtsv7M4_T_le_v4SPD16_eabi.lib : copy_decompress_rle.obj (.text:decompress:rle24)
                  00004aba    00000004     driverlib.lib : i2c.obj (.text:I2CMasterControl)
                  00004abe    00000004                   : i2c.obj (.text:I2CMasterDataGet)
                  00004ac2    00000004                   : i2c.obj (.text:I2CMasterDataPut)
                  00004ac6    00000004     rtsv7M4_T_le_v4SPD16_eabi.lib : pre_init.obj (.text)

.const     0    00004acc    00000388     
                  00004acc    000001b0     driverlib.lib : sysctl.obj (.const:g_pppui32XTALtoVCO)
                  00004c7c    00000090                   : gpio.obj (.const:g_pui32GPIOBaseAddrs)
                  00004d0c    00000070                   : interrupt.obj (.const)
                  00004d7c    0000006c                   : sysctl.obj (.const:g_pui32Xtals)
                  00004de8    00000030                   : sysctl.obj (.const:g_sXTALtoMEMTIM)
                  00004e18    00000012     uartstdio.obj (.const:.string)
                  00004e2a    00000002     heap_2.obj (.const)
                  00004e2c    0000000c     uartstdio.obj (.const:g_ui32UARTBase)
                  00004e38    0000000c     uartstdio.obj (.const:g_ui32UARTPeriph)
                  00004e44    00000008     driverlib.lib : sysctl.obj (.const)
                  00004e4c    00000004     port.obj (.const)
                  00004e50    00000004     uartstdio.obj (.const)

.cinit     0    00004e58    0000005c     
                  00004e58    00000033     (.cinit..data.load) [load image, compression = rle]
                  00004e8b    00000005     --HOLE-- [fill = 0]
                  00004e90    0000000b     (.cinit..bss.load) [load image, compression = rle]
                  00004e9b    00000001     --HOLE-- [fill = 0]
                  00004e9c    00000008     (__TI_handler_table)
                  00004ea4    00000010     (__TI_cinit_table)

.init_array 
*          0    00000000    00000000     UNINITIALIZED

.bss       0    20000000    0000c73d     UNINITIALIZED
                  20000000    0000c350     heap_2.obj (.bss:xHeap)
                  2000c350    00000124     (.common:I2C7_Instance)
                  2000c474    00000100     FreeRTOS_TM4C1294_Base_Startup.obj (.bss:pulStack)
                  2000c574    0000006c     (.common:sMPU9150)
                  2000c5e0    00000064     tasks.obj (.bss:pxReadyTasksLists)
                  2000c644    00000040     (.common:xQueueRegistry)
                  2000c684    00000014     timers.obj (.bss:xActiveTimerList1)
                  2000c698    00000014     timers.obj (.bss:xActiveTimerList2)
                  2000c6ac    00000014     tasks.obj (.bss:xDelayedTaskList1)
                  2000c6c0    00000014     tasks.obj (.bss:xDelayedTaskList2)
                  2000c6d4    00000014     tasks.obj (.bss:xPendingReadyList)
                  2000c6e8    00000014     tasks.obj (.bss:xSuspendedTaskList)
                  2000c6fc    00000014     tasks.obj (.bss:xTasksWaitingTermination)
                  2000c710    0000000c     (.common:fMagneto)
                  2000c71c    00000008     tasks.obj (.bss)
                  2000c724    00000008     timers.obj (.bss)
                  2000c72c    00000008     heap_2.obj (.bss:xEnd)
                  2000c734    00000008     heap_2.obj (.bss:xStart)
                  2000c73c    00000001     (.common:g_bMPU9150Done)

.stack     0    2000c740    00000800     UNINITIALIZED
                  2000c740    00000800     --HOLE--

.data      0    2000cf40    000000a0     UNINITIALIZED
                  2000cf40    00000030     tasks.obj (.data)
                  2000cf70    00000019     Task_I2C7_Handler.obj (.data)
                  2000cf89    00000003     --HOLE--
                  2000cf8c    00000010     Processor_Initialization_TM4C1294.obj (.data)
                  2000cf9c    0000000c     rtsv7M4_T_le_v4SPD16_eabi.lib : exit.obj (.data:$O1$$)
                  2000cfa8    00000008                                   : _lock.obj (.data:$O1$$)
                  2000cfb0    00000008     Task_I2C7_Handler.obj (.data:I2C7WriteData)
                  2000cfb8    00000008     heap_2.obj (.data)
                  2000cfc0    00000008     port.obj (.data)
                  2000cfc8    00000008     timers.obj (.data)
                  2000cfd0    00000005     uartstdio.obj (.data)
                  2000cfd5    00000003     --HOLE--
                  2000cfd8    00000004     Task_ReportData.obj (.data)
                  2000cfdc    00000004     rtsv7M4_T_le_v4SPD16_eabi.lib : stkdepth_vars.obj (.data)

MODULE SUMMARY

       Module                                  code    ro data   rw data
       ------                                  ----    -------   -------
    .\
       heap_2.obj                              440     2         50024  
       FreeRTOS_TM4C1294_Base_Startup.obj      12      512       256    
       Main_Base.obj                           232     0         0      
    +--+---------------------------------------+-------+---------+---------+
       Total:                                  684     514       50280  
                                                                        
    .\Drivers\
       uartstdio.obj                           1180    46        5      
       Processor_Initialization_TM4C1294.obj   152     0         16     
    +--+---------------------------------------+-------+---------+---------+
       Total:                                  1332    46        21     
                                                                        
    .\Source\
       tasks.obj                               5920    0         256    
       queue.obj                               2476    0         64     
       timers.obj                              1336    0         56     
       list.obj                                298     0         0      
    +--+---------------------------------------+-------+---------+---------+
       Total:                                  10030   0         376    
                                                                        
    .\Source\portable\CCS\ARM_CM4F\
       port.obj                                308     4         8      
       portasm.obj                             210     0         0      
    +--+---------------------------------------+-------+---------+---------+
       Total:                                  518     4         8      
                                                                        
    .\Tasks\
       Task_I2C7_Handler.obj                   316     0         325    
       Magnetometer.obj                        318     0         121    
       Task_ReportData.obj                     160     0         4      
       Task_Blinky.obj                         80      0         0      
       Task_ReportTime.obj                     68      0         0      
    +--+---------------------------------------+-------+---------+---------+
       Total:                                  942     0         450    
                                                                        
    C:/TI_CodeComposer/TivaWare/driverlib/ccs/Debug/driverlib.lib
       sysctl.obj                              704     596       0      
       gpio.obj                                510     144       0      
       interrupt.obj                           320     112       0      
       uart.obj                                148     0         0      
       i2c.obj                                 122     0         0      
    +--+---------------------------------------+-------+---------+---------+
       Total:                                  1804    852       0      
                                                                        
    C:/TI_CodeComposer/TivaWare/sensorlib/ccs/Debug/sensorlib.lib
       i2cm_drv.obj                            1198    0         0      
       mpu9150.obj                             818     0         0      
    +--+---------------------------------------+-------+---------+---------+
       Total:                                  2016    0         0      
                                                                        
    C:\TI_CodeComposer\ccsv6\tools\compiler\ti-cgt-arm_15.12.1.LTS\lib\rtsv7M4_T_le_v4SPD16_eabi.lib
       fd_mul_t2.obj                           252     0         0      
       memcpy_t2.obj                           156     0         0      
       memset_t2.obj                           122     0         0      
       autoinit.obj                            112     0         0      
       copy_decompress_rle.obj                 112     0         0      
       fd_tos_t2.obj                           110     0         0      
       exit.obj                                84      0         12     
       boot.obj                                84      0         0      
       cpy_tbl.obj                             76      0         0      
       u_divt2.obj                             64      0         0      
       fs_tod_t2.obj                           56      0         0      
       _lock.obj                               20      0         8      
       args_main.obj                           24      0         0      
       copy_decompress_none.obj                14      0         0      
       pre_init.obj                            4       0         0      
       stkdepth_vars.obj                       0       0         4      
       i_div0.obj                              2       0         0      
       mpu_init.obj                            2       0         0      
       startup.obj                             2       0         0      
    +--+---------------------------------------+-------+---------+---------+
       Total:                                  1296    0         24     
                                                                        
       Stack:                                  0       0         2048   
       Linker Generated:                       0       86        0      
    +--+---------------------------------------+-------+---------+---------+
       Grand Total:                            18622   1502      53207  


LINKER GENERATED COPY TABLES

__TI_cinit_table @ 00004ea4 records: 2, size/record: 8, table size: 16
	.data: load addr=00004e58, load size=00000033 bytes, run addr=2000cf40, run size=000000a0 bytes, compression=rle
	.bss: load addr=00004e90, load size=0000000b bytes, run addr=20000000, run size=0000c73d bytes, compression=rle


LINKER GENERATED HANDLER TABLE

__TI_handler_table @ 00004e9c records: 2, size/record: 4, table size: 8
	index: 0, handler: __TI_decompress_rle24
	index: 1, handler: __TI_decompress_none


GLOBAL SYMBOLS: SORTED ALPHABETICALLY BY Name 

address   name                             
-------   ----                             
00004365  C$$EXIT                          
2000cf98  FPUInitFlag                      
000048e9  GPIODirModeSet                   
00003449  GPIOPadConfigSet                 
0000453d  GPIOPinConfigure                 
00004aa3  GPIOPinRead                      
000049b7  GPIOPinTypeGPIOOutput            
00004a11  GPIOPinTypeI2C                   
00004a23  GPIOPinTypeI2CSCL                
00004a35  GPIOPinTypeUART                  
00004aa9  GPIOPinWrite                     
2000cfb0  I2C7WriteData                    
2000cf74  I2C7_Callbacks_Nbr               
2000cf84  I2C7_HWStatus                    
0000320d  I2C7_Initialization              
2000cf7c  I2C7_Initialized                 
2000c350  I2C7_Instance                    
2000cf78  I2C7_Instance_Ref                
000031d9  I2C7_IntServiceRoutine           
2000cf70  I2C7_Interrupts_Nbr              
2000cf88  I2C7_SimpleDone                  
2000cf80  I2C7_Status                      
00003e61  I2CMCommand                      
00004881  I2CMInit                         
000038a9  I2CMIntHandler                   
000031eb  I2CMSimpleCallback               
00004815  I2CMWrite                        
00004abb  I2CMasterControl                 
00004abf  I2CMasterDataGet                 
00004ac3  I2CMasterDataPut                 
00004a6d  I2CMasterEnable                  
00004459  I2CMasterInitExpClk              
00004a8b  I2CMasterIntClear                
00004a93  I2CMasterIntEnableEx             
00004a9b  I2CMasterSlaveAddrSet            
0000411d  IntDisable                       
00004185  IntEnable                        
000041ed  IntIsEnabled                     
00004a61  IntTrigger                       
000036a5  MPU9150Callback                  
00003bf9  MPU9150DataMagnetoGetFloat       
0000484b  MPU9150DataMagnetoGetRaw         
00004251  MPU9150DataRead                  
00004045  MPU9150Init                      
2000cf90  ProcessorInitFlag                
00003dc9  Processor_Initialization         
2000cfd8  ReportData_Queue                 
00004a55  ResetISR                         
UNDEFED   SHT$$INIT_ARRAY$$Base            
UNDEFED   SHT$$INIT_ARRAY$$Limit           
00002ca1  SysCtlClockFreqSet               
000048b5  SysCtlPeripheralEnable           
000047a5  SysCtlPeripheralPresent          
00004409  Task_Blink_LED_D1                
00003293  Task_I2C7_Handler                
000036bf  Task_Magnetometer                
00003b59  Task_ReportData                  
000046a1  Task_ReportTime                  
00004a77  UARTCharGet                      
00004a81  UARTCharPut                      
00004aaf  UARTClockSourceSet               
00004615  UARTConfigSetExpClk              
0000495d  UARTDisable                      
000049e9  UARTEnable                       
00002805  UARTStdioConfig                  
2000cf94  UARTStdioInitFlag                
00003ded  UART_Initialization              
0000294b  UARTgetc                         
00002891  UARTgets                         
00002c6b  UARTprintf                       
00002971  UARTvprintf                      
0000284b  UARTwrite                        
2000cf40  __STACK_END                      
00000800  __STACK_SIZE                     
2000c940  __STACK_TOP                      
00004ea4  __TI_CINIT_Base                  
00004eb4  __TI_CINIT_Limit                 
00004e9c  __TI_Handler_Table_Base          
00004ea4  __TI_Handler_Table_Limit         
00003f65  __TI_auto_init                   
2000cf9c  __TI_cleanup_ptr                 
00004a47  __TI_decompress_none             
00004ab5  __TI_decompress_rle24            
2000cfa0  __TI_dtors_ptr                   
2000cfa4  __TI_enable_exit_profile_output  
ffffffff  __TI_pprof_out_hndl              
ffffffff  __TI_prof_data_size              
ffffffff  __TI_prof_data_start             
00000000  __TI_static_base__               
00003fd5  __aeabi_d2f                      
000037ad  __aeabi_dmul                     
000047dd  __aeabi_f2d                      
0000399b  __aeabi_idiv0                    
00003ee9  __aeabi_memclr                   
00003ee9  __aeabi_memclr4                  
00003ee9  __aeabi_memclr8                  
00003c95  __aeabi_memcpy                   
00003c95  __aeabi_memcpy4                  
00003c95  __aeabi_memcpy8                  
00003eeb  __aeabi_memset                   
00003eeb  __aeabi_memset4                  
00003eeb  __aeabi_memset8                  
00004727  __aeabi_uidiv                    
00004727  __aeabi_uidivmod                 
ffffffff  __binit__                        
ffffffff  __c_args__                       
00003b57  __mpu_init                       
2000c740  __stack                          
000049d1  _args_main                       
00004311  _c_int00                         
2000cfa8  _lock                            
00004a0b  _nop                             
00004a03  _register_lock                   
000049fd  _register_unlock                 
00003f63  _system_post_cinit               
00004ac7  _system_pre_init                 
2000cfac  _unlock                          
00004369  abort                            
ffffffff  binit                            
000044a5  copy_in                          
00004371  exit                             
2000c710  fMagneto                         
2000c73c  g_bMPU9150Done                   
00000000  g_pfnVectors                     
2000cf8c  g_ulSystemClock                  
0000399d  main                             
2000cfdc  main_func_sp                     
00003c95  memcpy                           
00003ef1  memset                           
000023c9  pcTimerGetTimerName              
00002e8d  pvPortMalloc                     
0000146f  pvTaskIncrementMutexHeldCount    
000027b5  pvTimerGetTimerID                
2000cf40  pxCurrentTCB                     
00003315  pxPortInitialiseStack            
2000c574  sMPU9150                         
00001fe7  ucQueueGetQueueType              
00004e4c  ulMaxSyscallInterruptPriority    
00003a95  ulPortGetIPSR                    
00001487  ulTaskNotifyTake                 
0000365d  uxListRemove                     
00001fc7  uxQueueGetQueueNumber            
00001f69  uxQueueMessagesWaiting           
00001f9f  uxQueueMessagesWaitingFromISR    
00001f7f  uxQueueSpacesAvailable           
000009a1  uxTaskGetNumberOfTasks           
000009b1  uxTaskGetSystemState             
00000ead  uxTaskGetTaskNumber              
000004a9  uxTaskPriorityGet                
000004d5  uxTaskPriorityGetFromISR         
0000144d  uxTaskResetEventItemValue        
0000357b  vListInitialise                  
000035ab  vListInitialiseItem              
000035f7  vListInsert                      
000035bb  vListInsertEnd                   
00003b49  vPortEnableVFP                   
000033b1  vPortEndScheduler                
000033b3  vPortEnterCritical               
000033d3  vPortExitCritical                
00002fb9  vPortFree                        
00003021  vPortInitialiseBlocks            
00003b0d  vPortSVCHandler                  
00003417  vPortSetupTimerInterrupt         
00003b2d  vPortStartFirstTask              
000021f5  vQueueAddToRegistry              
00001fb1  vQueueDelete                     
00001fd5  vQueueSetQueueNumber             
00002237  vQueueUnregisterQueue            
00002271  vQueueWaitForMessageRestricted   
0000044d  vTaskDelay                       
000003a5  vTaskDelayUntil                  
00000309  vTaskDelete                      
00000889  vTaskEndScheduler                
00000e9f  vTaskMissedYield                 
00001829  vTaskNotifyGiveFromISR           
00000bd9  vTaskPlaceOnEventList            
00000cad  vTaskPlaceOnEventListRestricted  
00000c35  vTaskPlaceOnUnorderedEventList   
000012f5  vTaskPriorityInherit             
0000052d  vTaskPrioritySet                 
00000725  vTaskResume                      
00000ed1  vTaskSetTaskNumber               
00000e07  vTaskSetTimeOutState             
00000821  vTaskStartScheduler              
00000631  vTaskSuspend                     
000008a5  vTaskSuspendAll                  
00000b61  vTaskSwitchContext               
000027cf  vTimerSetTimerID                 
0000301b  xPortGetFreeHeapSize             
00003aad  xPortPendSVHandler               
0000337b  xPortStartScheduler              
2000cfc4  xPortSysTickCount                
000033e9  xPortSysTickHandler              
00001b19  xQueueCreateCountingSemaphore    
00001a1d  xQueueCreateMutex                
000019ad  xQueueGenericCreate              
00001d49  xQueueGenericReceive             
00001921  xQueueGenericReset               
00001b39  xQueueGenericSend                
00001c3d  xQueueGenericSendFromISR         
00001cc9  xQueueGiveFromISR                
00001a93  xQueueGiveMutexRecursive         
00002191  xQueueIsQueueEmptyFromISR        
000021d3  xQueueIsQueueFullFromISR         
00001f17  xQueuePeekFromISR                
00001e91  xQueueReceiveFromISR             
2000c644  xQueueRegistry                   
00001acf  xQueueTakeMutexRecursive         
00000e25  xTaskCheckForTimeOut             
00000201  xTaskGenericCreate               
0000163f  xTaskGenericNotify               
00001721  xTaskGenericNotifyFromISR        
000012a7  xTaskGetCurrentTaskHandle        
000012c1  xTaskGetSchedulerState           
0000097d  xTaskGetTickCount                
0000098d  xTaskGetTickCountFromISR         
00000a81  xTaskIncrementTick               
000018cf  xTaskNotifyStateClear            
00001555  xTaskNotifyWait                  
000013af  xTaskPriorityDisinherit          
00000d15  xTaskRemoveFromEventList         
00000d99  xTaskRemoveFromUnorderedEventList
000008bd  xTaskResumeAll                   
00000795  xTaskResumeFromISR               
00002307  xTimerCreate                     
000022cd  xTimerCreateTimerTask            
0000235b  xTimerGenericCommand             
00002789  xTimerIsTimerActive              


GLOBAL SYMBOLS: SORTED BY Symbol Address 

address   name                             
-------   ----                             
00000000  __TI_static_base__               
00000000  g_pfnVectors                     
00000201  xTaskGenericCreate               
00000309  vTaskDelete                      
000003a5  vTaskDelayUntil                  
0000044d  vTaskDelay                       
000004a9  uxTaskPriorityGet                
000004d5  uxTaskPriorityGetFromISR         
0000052d  vTaskPrioritySet                 
00000631  vTaskSuspend                     
00000725  vTaskResume                      
00000795  xTaskResumeFromISR               
00000800  __STACK_SIZE                     
00000821  vTaskStartScheduler              
00000889  vTaskEndScheduler                
000008a5  vTaskSuspendAll                  
000008bd  xTaskResumeAll                   
0000097d  xTaskGetTickCount                
0000098d  xTaskGetTickCountFromISR         
000009a1  uxTaskGetNumberOfTasks           
000009b1  uxTaskGetSystemState             
00000a81  xTaskIncrementTick               
00000b61  vTaskSwitchContext               
00000bd9  vTaskPlaceOnEventList            
00000c35  vTaskPlaceOnUnorderedEventList   
00000cad  vTaskPlaceOnEventListRestricted  
00000d15  xTaskRemoveFromEventList         
00000d99  xTaskRemoveFromUnorderedEventList
00000e07  vTaskSetTimeOutState             
00000e25  xTaskCheckForTimeOut             
00000e9f  vTaskMissedYield                 
00000ead  uxTaskGetTaskNumber              
00000ed1  vTaskSetTaskNumber               
000012a7  xTaskGetCurrentTaskHandle        
000012c1  xTaskGetSchedulerState           
000012f5  vTaskPriorityInherit             
000013af  xTaskPriorityDisinherit          
0000144d  uxTaskResetEventItemValue        
0000146f  pvTaskIncrementMutexHeldCount    
00001487  ulTaskNotifyTake                 
00001555  xTaskNotifyWait                  
0000163f  xTaskGenericNotify               
00001721  xTaskGenericNotifyFromISR        
00001829  vTaskNotifyGiveFromISR           
000018cf  xTaskNotifyStateClear            
00001921  xQueueGenericReset               
000019ad  xQueueGenericCreate              
00001a1d  xQueueCreateMutex                
00001a93  xQueueGiveMutexRecursive         
00001acf  xQueueTakeMutexRecursive         
00001b19  xQueueCreateCountingSemaphore    
00001b39  xQueueGenericSend                
00001c3d  xQueueGenericSendFromISR         
00001cc9  xQueueGiveFromISR                
00001d49  xQueueGenericReceive             
00001e91  xQueueReceiveFromISR             
00001f17  xQueuePeekFromISR                
00001f69  uxQueueMessagesWaiting           
00001f7f  uxQueueSpacesAvailable           
00001f9f  uxQueueMessagesWaitingFromISR    
00001fb1  vQueueDelete                     
00001fc7  uxQueueGetQueueNumber            
00001fd5  vQueueSetQueueNumber             
00001fe7  ucQueueGetQueueType              
00002191  xQueueIsQueueEmptyFromISR        
000021d3  xQueueIsQueueFullFromISR         
000021f5  vQueueAddToRegistry              
00002237  vQueueUnregisterQueue            
00002271  vQueueWaitForMessageRestricted   
000022cd  xTimerCreateTimerTask            
00002307  xTimerCreate                     
0000235b  xTimerGenericCommand             
000023c9  pcTimerGetTimerName              
00002789  xTimerIsTimerActive              
000027b5  pvTimerGetTimerID                
000027cf  vTimerSetTimerID                 
00002805  UARTStdioConfig                  
0000284b  UARTwrite                        
00002891  UARTgets                         
0000294b  UARTgetc                         
00002971  UARTvprintf                      
00002c6b  UARTprintf                       
00002ca1  SysCtlClockFreqSet               
00002e8d  pvPortMalloc                     
00002fb9  vPortFree                        
0000301b  xPortGetFreeHeapSize             
00003021  vPortInitialiseBlocks            
000031d9  I2C7_IntServiceRoutine           
000031eb  I2CMSimpleCallback               
0000320d  I2C7_Initialization              
00003293  Task_I2C7_Handler                
00003315  pxPortInitialiseStack            
0000337b  xPortStartScheduler              
000033b1  vPortEndScheduler                
000033b3  vPortEnterCritical               
000033d3  vPortExitCritical                
000033e9  xPortSysTickHandler              
00003417  vPortSetupTimerInterrupt         
00003449  GPIOPadConfigSet                 
0000357b  vListInitialise                  
000035ab  vListInitialiseItem              
000035bb  vListInsertEnd                   
000035f7  vListInsert                      
0000365d  uxListRemove                     
000036a5  MPU9150Callback                  
000036bf  Task_Magnetometer                
000037ad  __aeabi_dmul                     
000038a9  I2CMIntHandler                   
0000399b  __aeabi_idiv0                    
0000399d  main                             
00003a95  ulPortGetIPSR                    
00003aad  xPortPendSVHandler               
00003b0d  vPortSVCHandler                  
00003b2d  vPortStartFirstTask              
00003b49  vPortEnableVFP                   
00003b57  __mpu_init                       
00003b59  Task_ReportData                  
00003bf9  MPU9150DataMagnetoGetFloat       
00003c95  __aeabi_memcpy                   
00003c95  __aeabi_memcpy4                  
00003c95  __aeabi_memcpy8                  
00003c95  memcpy                           
00003dc9  Processor_Initialization         
00003ded  UART_Initialization              
00003e61  I2CMCommand                      
00003ee9  __aeabi_memclr                   
00003ee9  __aeabi_memclr4                  
00003ee9  __aeabi_memclr8                  
00003eeb  __aeabi_memset                   
00003eeb  __aeabi_memset4                  
00003eeb  __aeabi_memset8                  
00003ef1  memset                           
00003f63  _system_post_cinit               
00003f65  __TI_auto_init                   
00003fd5  __aeabi_d2f                      
00004045  MPU9150Init                      
0000411d  IntDisable                       
00004185  IntEnable                        
000041ed  IntIsEnabled                     
00004251  MPU9150DataRead                  
00004311  _c_int00                         
00004365  C$$EXIT                          
00004369  abort                            
00004371  exit                             
00004409  Task_Blink_LED_D1                
00004459  I2CMasterInitExpClk              
000044a5  copy_in                          
0000453d  GPIOPinConfigure                 
00004615  UARTConfigSetExpClk              
000046a1  Task_ReportTime                  
00004727  __aeabi_uidiv                    
00004727  __aeabi_uidivmod                 
000047a5  SysCtlPeripheralPresent          
000047dd  __aeabi_f2d                      
00004815  I2CMWrite                        
0000484b  MPU9150DataMagnetoGetRaw         
00004881  I2CMInit                         
000048b5  SysCtlPeripheralEnable           
000048e9  GPIODirModeSet                   
0000495d  UARTDisable                      
000049b7  GPIOPinTypeGPIOOutput            
000049d1  _args_main                       
000049e9  UARTEnable                       
000049fd  _register_unlock                 
00004a03  _register_lock                   
00004a0b  _nop                             
00004a11  GPIOPinTypeI2C                   
00004a23  GPIOPinTypeI2CSCL                
00004a35  GPIOPinTypeUART                  
00004a47  __TI_decompress_none             
00004a55  ResetISR                         
00004a61  IntTrigger                       
00004a6d  I2CMasterEnable                  
00004a77  UARTCharGet                      
00004a81  UARTCharPut                      
00004a8b  I2CMasterIntClear                
00004a93  I2CMasterIntEnableEx             
00004a9b  I2CMasterSlaveAddrSet            
00004aa3  GPIOPinRead                      
00004aa9  GPIOPinWrite                     
00004aaf  UARTClockSourceSet               
00004ab5  __TI_decompress_rle24            
00004abb  I2CMasterControl                 
00004abf  I2CMasterDataGet                 
00004ac3  I2CMasterDataPut                 
00004ac7  _system_pre_init                 
00004e4c  ulMaxSyscallInterruptPriority    
00004e9c  __TI_Handler_Table_Base          
00004ea4  __TI_CINIT_Base                  
00004ea4  __TI_Handler_Table_Limit         
00004eb4  __TI_CINIT_Limit                 
2000c350  I2C7_Instance                    
2000c574  sMPU9150                         
2000c644  xQueueRegistry                   
2000c710  fMagneto                         
2000c73c  g_bMPU9150Done                   
2000c740  __stack                          
2000c940  __STACK_TOP                      
2000cf40  __STACK_END                      
2000cf40  pxCurrentTCB                     
2000cf70  I2C7_Interrupts_Nbr              
2000cf74  I2C7_Callbacks_Nbr               
2000cf78  I2C7_Instance_Ref                
2000cf7c  I2C7_Initialized                 
2000cf80  I2C7_Status                      
2000cf84  I2C7_HWStatus                    
2000cf88  I2C7_SimpleDone                  
2000cf8c  g_ulSystemClock                  
2000cf90  ProcessorInitFlag                
2000cf94  UARTStdioInitFlag                
2000cf98  FPUInitFlag                      
2000cf9c  __TI_cleanup_ptr                 
2000cfa0  __TI_dtors_ptr                   
2000cfa4  __TI_enable_exit_profile_output  
2000cfa8  _lock                            
2000cfac  _unlock                          
2000cfb0  I2C7WriteData                    
2000cfc4  xPortSysTickCount                
2000cfd8  ReportData_Queue                 
2000cfdc  main_func_sp                     
ffffffff  __TI_pprof_out_hndl              
ffffffff  __TI_prof_data_size              
ffffffff  __TI_prof_data_start             
ffffffff  __binit__                        
ffffffff  __c_args__                       
ffffffff  binit                            
UNDEFED   SHT$$INIT_ARRAY$$Base            
UNDEFED   SHT$$INIT_ARRAY$$Limit           

[228 symbols]
